Archive member included to satisfy reference by file (symbol)

c:/program files (x86)/atollic/truestudio for stm32 9.0.1/armtools/bin/../lib/gcc/arm-atollic-eabi/6.3.1/../../../../arm-atollic-eabi/lib/armv6-m\libc_nano.a(lib_a-init.o)
                              startup\startup_stm32l073xx.o (__libc_init_array)
c:/program files (x86)/atollic/truestudio for stm32 9.0.1/armtools/bin/../lib/gcc/arm-atollic-eabi/6.3.1/../../../../arm-atollic-eabi/lib/armv6-m\libc_nano.a(lib_a-memset.o)
                              Drivers\STM32L0xx_HAL_Driver\Src\stm32l0xx_hal_rcc.o (memset)
c:/program files (x86)/atollic/truestudio for stm32 9.0.1/armtools/bin/../lib/gcc/arm-atollic-eabi/6.3.1/armv6-m\libgcc.a(_udivsi3.o)
                              Drivers\STM32L0xx_HAL_Driver\Src\stm32l0xx_hal.o (__aeabi_uidiv)
c:/program files (x86)/atollic/truestudio for stm32 9.0.1/armtools/bin/../lib/gcc/arm-atollic-eabi/6.3.1/armv6-m\libgcc.a(_divsi3.o)
                              Src\motorcontrol.o (__aeabi_idiv)
c:/program files (x86)/atollic/truestudio for stm32 9.0.1/armtools/bin/../lib/gcc/arm-atollic-eabi/6.3.1/armv6-m\libgcc.a(_dvmd_tls.o)
                              c:/program files (x86)/atollic/truestudio for stm32 9.0.1/armtools/bin/../lib/gcc/arm-atollic-eabi/6.3.1/armv6-m\libgcc.a(_udivsi3.o) (__aeabi_idiv0)
c:/program files (x86)/atollic/truestudio for stm32 9.0.1/armtools/bin/../lib/gcc/arm-atollic-eabi/6.3.1/armv6-m\libgcc.a(_aeabi_uldivmod.o)
                              Drivers\STM32L0xx_HAL_Driver\Src\stm32l0xx_hal_uart.o (__aeabi_uldivmod)
c:/program files (x86)/atollic/truestudio for stm32 9.0.1/armtools/bin/../lib/gcc/arm-atollic-eabi/6.3.1/armv6-m\libgcc.a(_udivmoddi4.o)
                              c:/program files (x86)/atollic/truestudio for stm32 9.0.1/armtools/bin/../lib/gcc/arm-atollic-eabi/6.3.1/armv6-m\libgcc.a(_aeabi_uldivmod.o) (__udivmoddi4)
c:/program files (x86)/atollic/truestudio for stm32 9.0.1/armtools/bin/../lib/gcc/arm-atollic-eabi/6.3.1/armv6-m\libgcc.a(addsf3.o)
                              Src\motorcontrol.o (__aeabi_fadd)
c:/program files (x86)/atollic/truestudio for stm32 9.0.1/armtools/bin/../lib/gcc/arm-atollic-eabi/6.3.1/armv6-m\libgcc.a(divsf3.o)
                              Src\motorcontrol.o (__aeabi_fdiv)
c:/program files (x86)/atollic/truestudio for stm32 9.0.1/armtools/bin/../lib/gcc/arm-atollic-eabi/6.3.1/armv6-m\libgcc.a(mulsf3.o)
                              Src\motorcontrol.o (__aeabi_fmul)
c:/program files (x86)/atollic/truestudio for stm32 9.0.1/armtools/bin/../lib/gcc/arm-atollic-eabi/6.3.1/armv6-m\libgcc.a(subsf3.o)
                              Src\motorcontrol.o (__aeabi_fsub)
c:/program files (x86)/atollic/truestudio for stm32 9.0.1/armtools/bin/../lib/gcc/arm-atollic-eabi/6.3.1/armv6-m\libgcc.a(fixsfsi.o)
                              Src\motorcontrol.o (__aeabi_f2iz)
c:/program files (x86)/atollic/truestudio for stm32 9.0.1/armtools/bin/../lib/gcc/arm-atollic-eabi/6.3.1/armv6-m\libgcc.a(floatsisf.o)
                              Src\motorcontrol.o (__aeabi_i2f)
c:/program files (x86)/atollic/truestudio for stm32 9.0.1/armtools/bin/../lib/gcc/arm-atollic-eabi/6.3.1/armv6-m\libgcc.a(_clzsi2.o)
                              c:/program files (x86)/atollic/truestudio for stm32 9.0.1/armtools/bin/../lib/gcc/arm-atollic-eabi/6.3.1/armv6-m\libgcc.a(addsf3.o) (__clzsi2)
c:/program files (x86)/atollic/truestudio for stm32 9.0.1/armtools/bin/../lib/gcc/arm-atollic-eabi/6.3.1/armv6-m\libgcc.a(_clzdi2.o)
                              c:/program files (x86)/atollic/truestudio for stm32 9.0.1/armtools/bin/../lib/gcc/arm-atollic-eabi/6.3.1/armv6-m\libgcc.a(_udivmoddi4.o) (__clzdi2)

Allocating common symbols
Common symbol       size              file

maxdistance         0x4               Src\motorcontrol.o
Derivate            0x4               Src\External_interupt.o
Derivate2           0x4               Src\External_interupt.o
speed4              0x2               Src\External_interupt.o
logic1              0x1               Src\External_interupt.o
LastError2          0x4               Src\External_interupt.o
b                   0x1               Src\External_interupt.o
response            0x4               Src\External_interupt.o
Kd2                 0x4               Src\External_interupt.o
speed2              0x2               Src\External_interupt.o
timer               0x4               Src\External_interupt.o
TIM_ultrasound      0x4               Src\External_interupt.o
Ki                  0x4               Src\External_interupt.o
timer2              0x4               Src\External_interupt.o
Integral2           0x4               Src\External_interupt.o
otacky1             0x4               Src\External_interupt.o
LastError           0x4               Src\External_interupt.o
uwTick              0x4               Drivers\STM32L0xx_HAL_Driver\Src\stm32l0xx_hal.o
bluetooth_memory    0x1               Src\Bluetooth.o
[...]
Memory Configuration

Name             Origin             Length             Attributes
RAM              0x20000000         0x00005000         xrw
FLASH            0x08000000         0x00030000         xr
*default*        0x00000000         0xffffffff

Linker script and memory map

LOAD c:/program files (x86)/atollic/truestudio for stm32 9.0.1/armtools/bin/../lib/gcc/arm-atollic-eabi/6.3.1/armv6-m/crti.o
LOAD c:/program files (x86)/atollic/truestudio for stm32 9.0.1/armtools/bin/../lib/gcc/arm-atollic-eabi/6.3.1/armv6-m/crtbegin.o
LOAD Drivers\STM32L0xx_HAL_Driver\Src\stm32l0xx_hal.o
LOAD Drivers\STM32L0xx_HAL_Driver\Src\stm32l0xx_hal_cortex.o
LOAD Drivers\STM32L0xx_HAL_Driver\Src\stm32l0xx_hal_dma.o
LOAD Drivers\STM32L0xx_HAL_Driver\Src\stm32l0xx_hal_flash.o
LOAD Drivers\STM32L0xx_HAL_Driver\Src\stm32l0xx_hal_flash_ex.o
LOAD Drivers\STM32L0xx_HAL_Driver\Src\stm32l0xx_hal_flash_ramfunc.o
LOAD Drivers\STM32L0xx_HAL_Driver\Src\stm32l0xx_hal_gpio.o
LOAD Drivers\STM32L0xx_HAL_Driver\Src\stm32l0xx_hal_i2c.o
LOAD Drivers\STM32L0xx_HAL_Driver\Src\stm32l0xx_hal_i2c_ex.o
LOAD Drivers\STM32L0xx_HAL_Driver\Src\stm32l0xx_hal_pwr.o
LOAD Drivers\STM32L0xx_HAL_Driver\Src\stm32l0xx_hal_pwr_ex.o
LOAD Drivers\STM32L0xx_HAL_Driver\Src\stm32l0xx_hal_rcc.o
LOAD Drivers\STM32L0xx_HAL_Driver\Src\stm32l0xx_hal_rcc_ex.o
LOAD Drivers\STM32L0xx_HAL_Driver\Src\stm32l0xx_hal_tim.o
LOAD Drivers\STM32L0xx_HAL_Driver\Src\stm32l0xx_hal_tim_ex.o
LOAD Drivers\STM32L0xx_HAL_Driver\Src\stm32l0xx_hal_uart.o
LOAD Drivers\STM32L0xx_HAL_Driver\Src\stm32l0xx_hal_uart_ex.o
LOAD Src\Bluetooth.o
LOAD Src\External_interupt.o
LOAD Src\Step_eng.o
LOAD Src\Ultrasound.o
LOAD Src\main.o
LOAD Src\motorcontrol.o
LOAD Src\stm32l0xx_hal_msp.o
LOAD Src\stm32l0xx_it.o
LOAD Src\system_stm32l0xx.o
LOAD startup\startup_stm32l073xx.o
                0x00000080                malloc_getpagesize_P = 0x80
START GROUP
LOAD c:/program files (x86)/atollic/truestudio for stm32 9.0.1/armtools/bin/../lib/gcc/arm-atollic-eabi/6.3.1/../../../../arm-atollic-eabi/lib/armv6-m\libc_nano.a
LOAD c:/program files (x86)/atollic/truestudio for stm32 9.0.1/armtools/bin/../lib/gcc/arm-atollic-eabi/6.3.1/../../../../arm-atollic-eabi/lib/armv6-m\libm.a
END GROUP
START GROUP
LOAD c:/program files (x86)/atollic/truestudio for stm32 9.0.1/armtools/bin/../lib/gcc/arm-atollic-eabi/6.3.1/armv6-m\libgcc.a
LOAD c:/program files (x86)/atollic/truestudio for stm32 9.0.1/armtools/bin/../lib/gcc/arm-atollic-eabi/6.3.1/../../../../arm-atollic-eabi/lib/armv6-m\libc_nano.a
END GROUP
START GROUP
LOAD c:/program files (x86)/atollic/truestudio for stm32 9.0.1/armtools/bin/../lib/gcc/arm-atollic-eabi/6.3.1/armv6-m\libgcc.a
LOAD c:/program files (x86)/atollic/truestudio for stm32 9.0.1/armtools/bin/../lib/gcc/arm-atollic-eabi/6.3.1/../../../../arm-atollic-eabi/lib/armv6-m\libc_nano.a
LOAD c:/program files (x86)/atollic/truestudio for stm32 9.0.1/armtools/bin/../lib/gcc/arm-atollic-eabi/6.3.1/../../../../arm-atollic-eabi/lib/armv6-m\libnosys.a
END GROUP
START GROUP
LOAD c:/program files (x86)/atollic/truestudio for stm32 9.0.1/armtools/bin/../lib/gcc/arm-atollic-eabi/6.3.1/armv6-m\libgcc.a
LOAD c:/program files (x86)/atollic/truestudio for stm32 9.0.1/armtools/bin/../lib/gcc/arm-atollic-eabi/6.3.1/../../../../arm-atollic-eabi/lib/armv6-m\libc_nano.a
LOAD c:/program files (x86)/atollic/truestudio for stm32 9.0.1/armtools/bin/../lib/gcc/arm-atollic-eabi/6.3.1/../../../../arm-atollic-eabi/lib/armv6-m\libnosys.a
END GROUP
LOAD c:/program files (x86)/atollic/truestudio for stm32 9.0.1/armtools/bin/../lib/gcc/arm-atollic-eabi/6.3.1/armv6-m/crtend.o
LOAD c:/program files (x86)/atollic/truestudio for stm32 9.0.1/armtools/bin/../lib/gcc/arm-atollic-eabi/6.3.1/armv6-m/crtn.o
                0x20005000                _estack = 0x20005000
                0x00000200                _Min_Heap_Size = 0x200
                0x00000400                _Min_Stack_Size = 0x400

.isr_vector     0x08000000       0xc0
                0x08000000                . = ALIGN (0x4)
 *(.isr_vector)
 .isr_vector    0x08000000       0xc0 startup\startup_stm32l073xx.o
                0x08000000                g_pfnVectors
                0x080000c0                . = ALIGN (0x4)

.text           0x080000c0     0x2bf4
                0x080000c0                . = ALIGN (0x4)
 *(.text)
 .text          0x080000c0       0x48 c:/program files (x86)/atollic/truestudio for stm32 9.0.1/armtools/bin/../lib/gcc/arm-atollic-eabi/6.3.1/armv6-m/crtbegin.o
 .text          0x08000108      0x114 c:/program files (x86)/atollic/truestudio for stm32 9.0.1/armtools/bin/../lib/gcc/arm-atollic-eabi/6.3.1/armv6-m\libgcc.a(_udivsi3.o)
                0x08000108                __aeabi_uidiv
                0x08000108                __udivsi3
                0x08000214                __aeabi_uidivmod
 .text          0x0800021c        0x4 c:/program files (x86)/atollic/truestudio for stm32 9.0.1/armtools/bin/../lib/gcc/arm-atollic-eabi/6.3.1/armv6-m\libgcc.a(_dvmd_tls.o)
                0x0800021c                __aeabi_idiv0
                0x0800021c                __aeabi_ldiv0
 .text          0x08000220       0x40 c:/program files (x86)/atollic/truestudio for stm32 9.0.1/armtools/bin/../lib/gcc/arm-atollic-eabi/6.3.1/armv6-m\libgcc.a(_aeabi_uldivmod.o)
                0x08000220                __aeabi_uldivmod
 .text          0x08000260      0x180 c:/program files (x86)/atollic/truestudio for stm32 9.0.1/armtools/bin/../lib/gcc/arm-atollic-eabi/6.3.1/armv6-m\libgcc.a(_udivmoddi4.o)
                0x08000260                __udivmoddi4
 .text          0x080003e0       0x3c c:/program files (x86)/atollic/truestudio for stm32 9.0.1/armtools/bin/../lib/gcc/arm-atollic-eabi/6.3.1/armv6-m\libgcc.a(_clzsi2.o)
                0x080003e0                __clzsi2
 .text          0x0800041c       0x18 c:/program files (x86)/atollic/truestudio for stm32 9.0.1/armtools/bin/../lib/gcc/arm-atollic-eabi/6.3.1/armv6-m\libgcc.a(_clzdi2.o)
                0x0800041c                __clzdi2
 *(.text*)
 .text.HAL_InitTick
                0x08000434       0x30 Drivers\STM32L0xx_HAL_Driver\Src\stm32l0xx_hal.o
                0x08000434                HAL_InitTick
 .text.HAL_Init
                0x08000464       0x28 Drivers\STM32L0xx_HAL_Driver\Src\stm32l0xx_hal.o
                0x08000464                HAL_Init
 .text.HAL_IncTick
                0x0800048c       0x10 Drivers\STM32L0xx_HAL_Driver\Src\stm32l0xx_hal.o
                0x0800048c                HAL_IncTick
 .text.HAL_GetTick
                0x0800049c        0xc Drivers\STM32L0xx_HAL_Driver\Src\stm32l0xx_hal.o
                0x0800049c                HAL_GetTick
 .text.HAL_NVIC_SetPriority
                0x080004a8       0x64 Drivers\STM32L0xx_HAL_Driver\Src\stm32l0xx_hal_cortex.o
                0x080004a8                HAL_NVIC_SetPriority
 .text.HAL_NVIC_EnableIRQ
                0x0800050c       0x14 Drivers\STM32L0xx_HAL_Driver\Src\stm32l0xx_hal_cortex.o
                0x0800050c                HAL_NVIC_EnableIRQ
 .text.HAL_SYSTICK_Config
                0x08000520       0x38 Drivers\STM32L0xx_HAL_Driver\Src\stm32l0xx_hal_cortex.o
                0x08000520                HAL_SYSTICK_Config
 .text.HAL_DMA_Init
                0x08000558       0x98 Drivers\STM32L0xx_HAL_Driver\Src\stm32l0xx_hal_dma.o
                0x08000558                HAL_DMA_Init
 .text.HAL_DMA_Abort_IT
                0x080005f0       0x4e Drivers\STM32L0xx_HAL_Driver\Src\stm32l0xx_hal_dma.o
                0x080005f0                HAL_DMA_Abort_IT
 .text.HAL_DMA_IRQHandler
                0x0800063e       0xba Drivers\STM32L0xx_HAL_Driver\Src\stm32l0xx_hal_dma.o
                0x0800063e                HAL_DMA_IRQHandler
 .text.HAL_GPIO_Init
                0x080006f8      0x1a4 Drivers\STM32L0xx_HAL_Driver\Src\stm32l0xx_hal_gpio.o
                0x080006f8                HAL_GPIO_Init
 .text.HAL_GPIO_ReadPin
                0x0800089c        0xe Drivers\STM32L0xx_HAL_Driver\Src\stm32l0xx_hal_gpio.o
                0x0800089c                HAL_GPIO_ReadPin
 .text.HAL_GPIO_WritePin
                0x080008aa        0xc Drivers\STM32L0xx_HAL_Driver\Src\stm32l0xx_hal_gpio.o
                0x080008aa                HAL_GPIO_WritePin
 *fill*         0x080008b6        0x2 
 .text.HAL_GPIO_EXTI_IRQHandler
                0x080008b8       0x1c Drivers\STM32L0xx_HAL_Driver\Src\stm32l0xx_hal_gpio.o
                0x080008b8                HAL_GPIO_EXTI_IRQHandler
 .text.HAL_RCC_GetSysClockFreq
                0x080008d4       0x94 Drivers\STM32L0xx_HAL_Driver\Src\stm32l0xx_hal_rcc.o
                0x080008d4                HAL_RCC_GetSysClockFreq
 .text.HAL_RCC_OscConfig
                0x08000968      0x584 Drivers\STM32L0xx_HAL_Driver\Src\stm32l0xx_hal_rcc.o
                0x08000968                HAL_RCC_OscConfig
 .text.HAL_RCC_ClockConfig
                0x08000eec      0x1a8 Drivers\STM32L0xx_HAL_Driver\Src\stm32l0xx_hal_rcc.o
                0x08000eec                HAL_RCC_ClockConfig
 .text.HAL_RCC_GetHCLKFreq
                0x08001094        0xc Drivers\STM32L0xx_HAL_Driver\Src\stm32l0xx_hal_rcc.o
                0x08001094                HAL_RCC_GetHCLKFreq
 .text.HAL_RCC_GetPCLK1Freq
                0x080010a0       0x20 Drivers\STM32L0xx_HAL_Driver\Src\stm32l0xx_hal_rcc.o
                0x080010a0                HAL_RCC_GetPCLK1Freq
 .text.HAL_RCC_GetPCLK2Freq
                0x080010c0       0x20 Drivers\STM32L0xx_HAL_Driver\Src\stm32l0xx_hal_rcc.o
                0x080010c0                HAL_RCC_GetPCLK2Freq
 .text.HAL_RCCEx_PeriphCLKConfig
                0x080010e0      0x210 Drivers\STM32L0xx_HAL_Driver\Src\stm32l0xx_hal_rcc_ex.o
                0x080010e0                HAL_RCCEx_PeriphCLKConfig
 .text.TIM_Base_SetConfig
                0x080012f0       0x70 Drivers\STM32L0xx_HAL_Driver\Src\stm32l0xx_hal_tim.o
 .text.TIM_OC1_SetConfig
                0x08001360       0x2c Drivers\STM32L0xx_HAL_Driver\Src\stm32l0xx_hal_tim.o
 .text.TIM_OC2_SetConfig
                0x0800138c       0x34 Drivers\STM32L0xx_HAL_Driver\Src\stm32l0xx_hal_tim.o
 .text.TIM_OC3_SetConfig
                0x080013c0       0x38 Drivers\STM32L0xx_HAL_Driver\Src\stm32l0xx_hal_tim.o
 .text.TIM_OC4_SetConfig
                0x080013f8       0x3c Drivers\STM32L0xx_HAL_Driver\Src\stm32l0xx_hal_tim.o
 .text.TIM_TI1_ConfigInputStage
                0x08001434       0x22 Drivers\STM32L0xx_HAL_Driver\Src\stm32l0xx_hal_tim.o
 *fill*         0x08001456        0x2 
 .text.TIM_TI2_ConfigInputStage
                0x08001458       0x28 Drivers\STM32L0xx_HAL_Driver\Src\stm32l0xx_hal_tim.o
 .text.TIM_ITRx_SetConfig
                0x08001480       0x12 Drivers\STM32L0xx_HAL_Driver\Src\stm32l0xx_hal_tim.o
 *fill*         0x08001492        0x2 
 .text.TIM_ETR_SetConfig
                0x08001494       0x18 Drivers\STM32L0xx_HAL_Driver\Src\stm32l0xx_hal_tim.o
 .text.TIM_CCxChannelCmd
                0x080014ac       0x1a Drivers\STM32L0xx_HAL_Driver\Src\stm32l0xx_hal_tim.o
 .text.HAL_TIM_Base_Init
                0x080014c6       0x34 Drivers\STM32L0xx_HAL_Driver\Src\stm32l0xx_hal_tim.o
                0x080014c6                HAL_TIM_Base_Init
 .text.HAL_TIM_PWM_MspInit
                0x080014fa        0x2 Drivers\STM32L0xx_HAL_Driver\Src\stm32l0xx_hal_tim.o
                0x080014fa                HAL_TIM_PWM_MspInit
 .text.HAL_TIM_PWM_Init
                0x080014fc       0x34 Drivers\STM32L0xx_HAL_Driver\Src\stm32l0xx_hal_tim.o
                0x080014fc                HAL_TIM_PWM_Init
 .text.HAL_TIM_PWM_Start
                0x08001530       0x24 Drivers\STM32L0xx_HAL_Driver\Src\stm32l0xx_hal_tim.o
                0x08001530                HAL_TIM_PWM_Start
 .text.HAL_TIM_PWM_ConfigChannel
                0x08001554       0xec Drivers\STM32L0xx_HAL_Driver\Src\stm32l0xx_hal_tim.o
                0x08001554                HAL_TIM_PWM_ConfigChannel
 .text.HAL_TIM_ConfigClockSource
                0x08001640       0xe4 Drivers\STM32L0xx_HAL_Driver\Src\stm32l0xx_hal_tim.o
                0x08001640                HAL_TIM_ConfigClockSource
 .text.HAL_TIM_PeriodElapsedCallback
                0x08001724        0x2 Drivers\STM32L0xx_HAL_Driver\Src\stm32l0xx_hal_tim.o
                0x08001724                HAL_TIM_PeriodElapsedCallback
 .text.HAL_TIM_OC_DelayElapsedCallback
                0x08001726        0x2 Drivers\STM32L0xx_HAL_Driver\Src\stm32l0xx_hal_tim.o
                0x08001726                HAL_TIM_OC_DelayElapsedCallback
 .text.HAL_TIM_IC_CaptureCallback
                0x08001728        0x2 Drivers\STM32L0xx_HAL_Driver\Src\stm32l0xx_hal_tim.o
                0x08001728                HAL_TIM_IC_CaptureCallback
 .text.HAL_TIM_TriggerCallback
                0x0800172a        0x2 Drivers\STM32L0xx_HAL_Driver\Src\stm32l0xx_hal_tim.o
                0x0800172a                HAL_TIM_TriggerCallback
 .text.HAL_TIM_IRQHandler
                0x0800172c      0x122 Drivers\STM32L0xx_HAL_Driver\Src\stm32l0xx_hal_tim.o
                0x0800172c                HAL_TIM_IRQHandler
 .text.HAL_TIMEx_MasterConfigSynchronization
                0x0800184e       0x56 Drivers\STM32L0xx_HAL_Driver\Src\stm32l0xx_hal_tim_ex.o
                0x0800184e                HAL_TIMEx_MasterConfigSynchronization
 .text.HAL_TIMEx_RemapConfig
                0x080018a4       0x1a Drivers\STM32L0xx_HAL_Driver\Src\stm32l0xx_hal_tim_ex.o
                0x080018a4                HAL_TIMEx_RemapConfig
 *fill*         0x080018be        0x2 
 .text.UART_EndRxTransfer
                0x080018c0       0x24 Drivers\STM32L0xx_HAL_Driver\Src\stm32l0xx_hal_uart.o
 .text.HAL_UART_Receive_IT
                0x080018e4       0xfc Drivers\STM32L0xx_HAL_Driver\Src\stm32l0xx_hal_uart.o
                0x080018e4                HAL_UART_Receive_IT
 .text.HAL_UART_TxCpltCallback
                0x080019e0        0x2 Drivers\STM32L0xx_HAL_Driver\Src\stm32l0xx_hal_uart.o
                0x080019e0                HAL_UART_TxCpltCallback
 .text.UART_EndTransmit_IT
                0x080019e2       0x1a Drivers\STM32L0xx_HAL_Driver\Src\stm32l0xx_hal_uart.o
 .text.HAL_UART_RxCpltCallback
                0x080019fc        0x2 Drivers\STM32L0xx_HAL_Driver\Src\stm32l0xx_hal_uart.o
                0x080019fc                HAL_UART_RxCpltCallback
 *fill*         0x080019fe        0x2 
 .text.UART_RxISR_8BIT
                0x08001a00       0x64 Drivers\STM32L0xx_HAL_Driver\Src\stm32l0xx_hal_uart.o
 .text.UART_RxISR_16BIT
                0x08001a64       0x64 Drivers\STM32L0xx_HAL_Driver\Src\stm32l0xx_hal_uart.o
 .text.HAL_UART_ErrorCallback
                0x08001ac8        0x2 Drivers\STM32L0xx_HAL_Driver\Src\stm32l0xx_hal_uart.o
                0x08001ac8                HAL_UART_ErrorCallback
 *fill*         0x08001aca        0x2 
 .text.HAL_UART_IRQHandler
                0x08001acc      0x144 Drivers\STM32L0xx_HAL_Driver\Src\stm32l0xx_hal_uart.o
                0x08001acc                HAL_UART_IRQHandler
 .text.UART_DMAAbortOnError
                0x08001c10       0x14 Drivers\STM32L0xx_HAL_Driver\Src\stm32l0xx_hal_uart.o
 .text.UART_SetConfig
                0x08001c24      0x38c Drivers\STM32L0xx_HAL_Driver\Src\stm32l0xx_hal_uart.o
                0x08001c24                UART_SetConfig
 .text.UART_AdvFeatureConfig
                0x08001fb0       0xe0 Drivers\STM32L0xx_HAL_Driver\Src\stm32l0xx_hal_uart.o
                0x08001fb0                UART_AdvFeatureConfig
 .text.UART_WaitOnFlagUntilTimeout
                0x08002090       0x68 Drivers\STM32L0xx_HAL_Driver\Src\stm32l0xx_hal_uart.o
                0x08002090                UART_WaitOnFlagUntilTimeout
 .text.UART_CheckIdleState
                0x080020f8       0x6c Drivers\STM32L0xx_HAL_Driver\Src\stm32l0xx_hal_uart.o
                0x080020f8                UART_CheckIdleState
 .text.HAL_UART_Init
                0x08002164       0x6c Drivers\STM32L0xx_HAL_Driver\Src\stm32l0xx_hal_uart.o
                0x08002164                HAL_UART_Init
 .text.HAL_UARTEx_WakeupCallback
                0x080021d0        0x2 Drivers\STM32L0xx_HAL_Driver\Src\stm32l0xx_hal_uart_ex.o
                0x080021d0                HAL_UARTEx_WakeupCallback
 *fill*         0x080021d2        0x2 
 .text.interupt_bluetooth_return
                0x080021d4        0x8 Src\Bluetooth.o
                0x080021d4                interupt_bluetooth_return
 .text.HAL_GPIO_EXTI_Callback
                0x080021dc       0xd4 Src\External_interupt.o
                0x080021dc                HAL_GPIO_EXTI_Callback
 .text.HAL_TIM_PWM_PulseFinishedCallback
                0x080022b0       0x64 Src\Ultrasound.o
                0x080022b0                HAL_TIM_PWM_PulseFinishedCallback
 .text.MX_GPIO_Init
                0x08002314      0x114 Src\main.o
 .text.MX_DMA_Init
                0x08002428       0x30 Src\main.o
 .text.MX_TIM6_Init
                0x08002458       0x48 Src\main.o
 .text.MX_TIM2_Init
                0x080024a0       0x54 Src\main.o
 .text.MX_TIM3_Init
                0x080024f4       0xb0 Src\main.o
 .text.MX_TIM22_Init
                0x080025a4       0x94 Src\main.o
 .text.MX_USART1_UART_Init
                0x08002638       0x30 Src\main.o
 .text.SystemClock_Config
                0x08002668       0x84 Src\main.o
                0x08002668                SystemClock_Config
 .text.main     0x080026ec       0x68 Src\main.o
                0x080026ec                main
 .text.Error_Handler
                0x08002754        0x2 Src\main.o
                0x08002754                Error_Handler
 *fill*         0x08002756        0x2 
 .text.start_motor_control
                0x08002758       0x70 Src\motorcontrol.o
                0x08002758                start_motor_control
 .text.init_PID
                0x080027c8       0x5c Src\motorcontrol.o
                0x080027c8                init_PID
 .text.init_PID_ultrazvuk
                0x08002824       0x68 Src\motorcontrol.o
                0x08002824                init_PID_ultrazvuk
 .text.start_encoder
                0x0800288c       0x14 Src\motorcontrol.o
                0x0800288c                start_encoder
 .text.HAL_MspInit
                0x080028a0       0x1c Src\stm32l0xx_hal_msp.o
                0x080028a0                HAL_MspInit
 .text.HAL_TIM_Base_MspInit
                0x080028bc       0x90 Src\stm32l0xx_hal_msp.o
                0x080028bc                HAL_TIM_Base_MspInit
 .text.HAL_TIM_MspPostInit
                0x0800294c       0xa8 Src\stm32l0xx_hal_msp.o
                0x0800294c                HAL_TIM_MspPostInit
 .text.HAL_UART_MspInit
                0x080029f4       0xe0 Src\stm32l0xx_hal_msp.o
                0x080029f4                HAL_UART_MspInit
 .text.NMI_Handler
                0x08002ad4        0x2 Src\stm32l0xx_it.o
                0x08002ad4                NMI_Handler
 .text.HardFault_Handler
                0x08002ad6        0x2 Src\stm32l0xx_it.o
                0x08002ad6                HardFault_Handler
 .text.SVC_Handler
                0x08002ad8        0x2 Src\stm32l0xx_it.o
                0x08002ad8                SVC_Handler
 .text.PendSV_Handler
                0x08002ada        0x2 Src\stm32l0xx_it.o
                0x08002ada                PendSV_Handler
 .text.SysTick_Handler
                0x08002adc        0x8 Src\stm32l0xx_it.o
                0x08002adc                SysTick_Handler
 .text.EXTI4_15_IRQHandler
                0x08002ae4       0x48 Src\stm32l0xx_it.o
                0x08002ae4                EXTI4_15_IRQHandler
 .text.DMA1_Channel2_3_IRQHandler
                0x08002b2c       0x18 Src\stm32l0xx_it.o
                0x08002b2c                DMA1_Channel2_3_IRQHandler
 .text.TIM3_IRQHandler
                0x08002b44       0x10 Src\stm32l0xx_it.o
                0x08002b44                TIM3_IRQHandler
 .text.TIM6_DAC_IRQHandler
                0x08002b54       0x10 Src\stm32l0xx_it.o
                0x08002b54                TIM6_DAC_IRQHandler
 .text.TIM22_IRQHandler
                0x08002b64       0x10 Src\stm32l0xx_it.o
                0x08002b64                TIM22_IRQHandler
 .text.USART1_IRQHandler
                0x08002b74       0x20 Src\stm32l0xx_it.o
                0x08002b74                USART1_IRQHandler
 .text.SystemInit
                0x08002b94       0x5c Src\system_stm32l0xx.o
                0x08002b94                SystemInit
 .text.Reset_Handler
                0x08002bf0       0x50 startup\startup_stm32l073xx.o
                0x08002bf0                Reset_Handler
 .text.Default_Handler
                0x08002c40        0x2 startup\startup_stm32l073xx.o
                0x08002c40                TSC_IRQHandler
                0x08002c40                ADC1_COMP_IRQHandler
                0x08002c40                PVD_IRQHandler
                0x08002c40                I2C1_IRQHandler
                0x08002c40                RCC_CRS_IRQHandler
                0x08002c40                SPI1_IRQHandler
                0x08002c40                EXTI2_3_IRQHandler
                0x08002c40                I2C2_IRQHandler
                0x08002c40                RTC_IRQHandler
                0x08002c40                LCD_IRQHandler
                0x08002c40                DMA1_Channel4_5_6_7_IRQHandler
                0x08002c40                DMA1_Channel1_IRQHandler
                0x08002c40                USART4_5_IRQHandler
                0x08002c40                Default_Handler
                0x08002c40                TIM7_IRQHandler
                0x08002c40                EXTI0_1_IRQHandler
                0x08002c40                USB_IRQHandler
                0x08002c40                I2C3_IRQHandler
                0x08002c40                SPI2_IRQHandler
                0x08002c40                TIM21_IRQHandler
                0x08002c40                WWDG_IRQHandler
                0x08002c40                TIM2_IRQHandler
                0x08002c40                USART2_IRQHandler
                0x08002c40                FLASH_IRQHandler
                0x08002c40                RNG_LPUART1_IRQHandler
                0x08002c40                LPTIM1_IRQHandler
 *fill*         0x08002c42        0x2 
 .text.__libc_init_array
                0x08002c44       0x48 c:/program files (x86)/atollic/truestudio for stm32 9.0.1/armtools/bin/../lib/gcc/arm-atollic-eabi/6.3.1/../../../../arm-atollic-eabi/lib/armv6-m\libc_nano.a(lib_a-init.o)
                0x08002c44                __libc_init_array
 .text.memset   0x08002c8c       0x10 c:/program files (x86)/atollic/truestudio for stm32 9.0.1/armtools/bin/../lib/gcc/arm-atollic-eabi/6.3.1/../../../../arm-atollic-eabi/lib/armv6-m\libc_nano.a(lib_a-memset.o)
                0x08002c8c                memset
 *(.glue_7)
 .glue_7        0x08002c9c        0x0 linker stubs
 *(.glue_7t)
 .glue_7t       0x08002c9c        0x0 linker stubs
 *(.eh_frame)
 .eh_frame      0x08002c9c        0x0 c:/program files (x86)/atollic/truestudio for stm32 9.0.1/armtools/bin/../lib/gcc/arm-atollic-eabi/6.3.1/armv6-m/crtbegin.o
 *(.init)
 .init          0x08002c9c        0x4 c:/program files (x86)/atollic/truestudio for stm32 9.0.1/armtools/bin/../lib/gcc/arm-atollic-eabi/6.3.1/armv6-m/crti.o
                0x08002c9c                _init
 .init          0x08002ca0        0x8 c:/program files (x86)/atollic/truestudio for stm32 9.0.1/armtools/bin/../lib/gcc/arm-atollic-eabi/6.3.1/armv6-m/crtn.o
 *(.fini)
 .fini          0x08002ca8        0x4 c:/program files (x86)/atollic/truestudio for stm32 9.0.1/armtools/bin/../lib/gcc/arm-atollic-eabi/6.3.1/armv6-m/crti.o
                0x08002ca8                _fini
 .fini          0x08002cac        0x8 c:/program files (x86)/atollic/truestudio for stm32 9.0.1/armtools/bin/../lib/gcc/arm-atollic-eabi/6.3.1/armv6-m/crtn.o
                0x08002cb4                . = ALIGN (0x4)
                0x08002cb4                _etext = .

.vfp11_veneer   0x08002cb4        0x0
 .vfp11_veneer  0x08002cb4        0x0 linker stubs

.v4_bx          0x08002cb4        0x0
 .v4_bx         0x08002cb4        0x0 linker stubs

.iplt           0x08002cb4        0x0
 .iplt          0x08002cb4        0x0 c:/program files (x86)/atollic/truestudio for stm32 9.0.1/armtools/bin/../lib/gcc/arm-atollic-eabi/6.3.1/armv6-m/crtbegin.o

.rodata         0x08002cb4       0x6c
                0x08002cb4                . = ALIGN (0x4)
 *(.rodata)
 .rodata        0x08002cb4       0x48 Drivers\STM32L0xx_HAL_Driver\Src\stm32l0xx_hal_uart.o
 .rodata        0x08002cfc       0x24 Src\system_stm32l0xx.o
                0x08002cfc                PLLMulTable
                0x08002d08                AHBPrescTable
                0x08002d18                APBPrescTable
 *(.rodata*)
                0x08002d20                . = ALIGN (0x4)

.ARM.extab
 *(.ARM.extab* .gnu.linkonce.armextab.*)

.ARM            0x08002d20        0x8
                0x08002d20                __exidx_start = .
 *(.ARM.exidx*)
 .ARM.exidx     0x08002d20        0x8 c:/program files (x86)/atollic/truestudio for stm32 9.0.1/armtools/bin/../lib/gcc/arm-atollic-eabi/6.3.1/armv6-m\libgcc.a(_udivmoddi4.o)
                0x08002d28                __exidx_end = .

.rel.dyn        0x08002d28        0x0
 .rel.iplt      0x08002d28        0x0 c:/program files (x86)/atollic/truestudio for stm32 9.0.1/armtools/bin/../lib/gcc/arm-atollic-eabi/6.3.1/armv6-m/crtbegin.o

.preinit_array  0x08002d28        0x0
                0x08002d28                PROVIDE (__preinit_array_start, .)
 *(.preinit_array*)
                0x08002d28                PROVIDE (__preinit_array_end, .)

.init_array     0x08002d28        0x4
                0x08002d28                PROVIDE (__init_array_start, .)
 *(SORT(.init_array.*))
 *(.init_array*)
 .init_array    0x08002d28        0x4 c:/program files (x86)/atollic/truestudio for stm32 9.0.1/armtools/bin/../lib/gcc/arm-atollic-eabi/6.3.1/armv6-m/crtbegin.o
                0x08002d2c                PROVIDE (__init_array_end, .)

.fini_array     0x08002d2c        0x4
                [!provide]                PROVIDE (__fini_array_start, .)
 *(SORT(.fini_array.*))
 *(.fini_array*)
 .fini_array    0x08002d2c        0x4 c:/program files (x86)/atollic/truestudio for stm32 9.0.1/armtools/bin/../lib/gcc/arm-atollic-eabi/6.3.1/armv6-m/crtbegin.o
                [!provide]                PROVIDE (__fini_array_end, .)
                0x08002d30                _sidata = LOADADDR (.data)

.data           0x20000000        0x4 load address 0x08002d30
                0x20000000                . = ALIGN (0x4)
                0x20000000                _sdata = .
 *(.data)
 .data          0x20000000        0x4 Src\system_stm32l0xx.o
                0x20000000                SystemCoreClock
 *(.data*)
                0x20000004                . = ALIGN (0x4)
                0x20000004                _edata = .

.igot.plt       0x20000004        0x0 load address 0x08002d34
 .igot.plt      0x20000004        0x0 c:/program files (x86)/atollic/truestudio for stm32 9.0.1/armtools/bin/../lib/gcc/arm-atollic-eabi/6.3.1/armv6-m/crtbegin.o
                0x20000004                . = ALIGN (0x4)

.bss            0x20000004      0x2b8 load address 0x08002d34
                0x20000004                _sbss = .
                0x20000004                __bss_start__ = _sbss
 *(.bss)
 .bss           0x20000004       0x1c c:/program files (x86)/atollic/truestudio for stm32 9.0.1/armtools/bin/../lib/gcc/arm-atollic-eabi/6.3.1/armv6-m/crtbegin.o
 *(.bss*)
 *(COMMON)
 COMMON         0x20000020        0x4 Drivers\STM32L0xx_HAL_Driver\Src\stm32l0xx_hal.o
                0x20000020                uwTick
 COMMON         0x20000024        0x1 Src\Bluetooth.o
                0x20000024                bluetooth_memory
 *fill*         0x20000025        0x3 
 COMMON         0x20000028       0x94 Src\External_interupt.o
                0x20000028                Derivate
                0x2000002c                Derivate2
                0x20000030                speed4
                0x20000032                logic1
                0x20000034                LastError2
                0x20000038                b
                0x2000003c                response
                0x20000040                Kd2
                0x20000044                speed2
                0x20000048                timer
                0x2000004c                TIM_ultrasound
                0x20000050                Ki
                0x20000054                timer2
                0x20000058                Integral2
                0x2000005c                otacky1
                0x20000060                LastError
                0x20000064                pow1
                0x20000068                set_speed_rigth
                0x2000006c                otacky2
                0x20000070                chan1
                0x20000074                distance1
                0x20000078                speed3
                0x2000007c                etalon
                0x20000080                Turn
                0x20000084                set_speed_left
                0x20000088                distance2
                0x2000008c                dist2
                0x20000090                Kd
                0x20000094                dist1
                0x20000098                logic2
                0x2000009c                error
                0x200000a0                Ki2
                0x200000a4                Integral
                0x200000a8                Kp
                0x200000ac                Kp2
                0x200000b0                speed1
                0x200000b2                a
                0x200000b4                chan2
                0x200000b8                pow2
 COMMON         0x200000bc      0x200 Src\main.o
                0x200000bc                htim3
                0x200000f8                hdma_usart1_tx
                0x20000140                hdma_usart1_rx
                0x20000188                htim22
                0x200001c4                huart1
                0x20000244                htim6
                0x20000280                htim2
                0x200002bc                . = ALIGN (0x4)
                0x200002bc                _ebss = .
                0x200002bc                __bss_end__ = _ebss

._user_heap_stack
                0x200002bc      0x604 load address 0x08002d34
                0x200002c0                . = ALIGN (0x8)
 *fill*         0x200002bc        0x4 
                [!provide]                PROVIDE (end, .)
                [!provide]                PROVIDE (_end, .)
                0x200004c0                . = (. + _Min_Heap_Size)
 *fill*         0x200002c0      0x200 
                0x200008c0                . = (. + _Min_Stack_Size)
 *fill*         0x200004c0      0x400 
                0x200008c0                . = ALIGN (0x8)

/DISCARD/
 libc.a(*)
 libm.a(*)
 libgcc.a(*)

.ARM.attributes
                0x00000000       0x28
 *(.ARM.attributes)
 .ARM.attributes
                0x00000000       0x1e c:/program files (x86)/atollic/truestudio for stm32 9.0.1/armtools/bin/../lib/gcc/arm-atollic-eabi/6.3.1/armv6-m/crti.o
 .ARM.attributes
                0x0000001e       0x2c c:/program files (x86)/atollic/truestudio for stm32 9.0.1/armtools/bin/../lib/gcc/arm-atollic-eabi/6.3.1/armv6-m/crtbegin.o
 .ARM.attributes
                0x0000004a       0x32 Drivers\STM32L0xx_HAL_Driver\Src\stm32l0xx_hal.o
 .ARM.attributes
                0x0000007c       0x32 Drivers\STM32L0xx_HAL_Driver\Src\stm32l0xx_hal_cortex.o
 .ARM.attributes
                0x000000ae       0x32 Drivers\STM32L0xx_HAL_Driver\Src\stm32l0xx_hal_dma.o
 .ARM.attributes
                0x000000e0       0x32 Drivers\STM32L0xx_HAL_Driver\Src\stm32l0xx_hal_gpio.o
 .ARM.attributes
                0x00000112       0x32 Drivers\STM32L0xx_HAL_Driver\Src\stm32l0xx_hal_rcc.o
 .ARM.attributes
                0x00000144       0x32 Drivers\STM32L0xx_HAL_Driver\Src\stm32l0xx_hal_rcc_ex.o
 .ARM.attributes
                0x00000176       0x32 Drivers\STM32L0xx_HAL_Driver\Src\stm32l0xx_hal_tim.o
 .ARM.attributes
                0x000001a8       0x32 Drivers\STM32L0xx_HAL_Driver\Src\stm32l0xx_hal_tim_ex.o
 .ARM.attributes
                0x000001da       0x32 Drivers\STM32L0xx_HAL_Driver\Src\stm32l0xx_hal_uart.o
 .ARM.attributes
                0x0000020c       0x32 Drivers\STM32L0xx_HAL_Driver\Src\stm32l0xx_hal_uart_ex.o
 .ARM.attributes
                0x0000023e       0x32 Src\Bluetooth.o
 .ARM.attributes
                0x00000270       0x32 Src\External_interupt.o
 .ARM.attributes
                0x000002a2       0x32 Src\Ultrasound.o
 .ARM.attributes
                0x000002d4       0x32 Src\main.o
 .ARM.attributes
                0x00000306       0x32 Src\motorcontrol.o
 .ARM.attributes
                0x00000338       0x32 Src\stm32l0xx_hal_msp.o
 .ARM.attributes
                0x0000036a       0x32 Src\stm32l0xx_it.o
 .ARM.attributes
                0x0000039c       0x32 Src\system_stm32l0xx.o
 .ARM.attributes
                0x000003ce       0x22 startup\startup_stm32l073xx.o
 .ARM.attributes
                0x000003f0       0x2c c:/program files (x86)/atollic/truestudio for stm32 9.0.1/armtools/bin/../lib/gcc/arm-atollic-eabi/6.3.1/../../../../arm-atollic-eabi/lib/armv6-m\libc_nano.a(lib_a-init.o)
 .ARM.attributes
                0x0000041c       0x2c c:/program files (x86)/atollic/truestudio for stm32 9.0.1/armtools/bin/../lib/gcc/arm-atollic-eabi/6.3.1/../../../../arm-atollic-eabi/lib/armv6-m\libc_nano.a(lib_a-memset.o)
 .ARM.attributes
                0x00000448       0x1e c:/program files (x86)/atollic/truestudio for stm32 9.0.1/armtools/bin/../lib/gcc/arm-atollic-eabi/6.3.1/armv6-m\libgcc.a(_udivsi3.o)
 .ARM.attributes
                0x00000466       0x1e c:/program files (x86)/atollic/truestudio for stm32 9.0.1/armtools/bin/../lib/gcc/arm-atollic-eabi/6.3.1/armv6-m\libgcc.a(_dvmd_tls.o)
 .ARM.attributes
                0x00000484       0x1e c:/program files (x86)/atollic/truestudio for stm32 9.0.1/armtools/bin/../lib/gcc/arm-atollic-eabi/6.3.1/armv6-m\libgcc.a(_aeabi_uldivmod.o)
 .ARM.attributes
                0x000004a2       0x2c c:/program files (x86)/atollic/truestudio for stm32 9.0.1/armtools/bin/../lib/gcc/arm-atollic-eabi/6.3.1/armv6-m\libgcc.a(_udivmoddi4.o)
 .ARM.attributes
                0x000004ce       0x1e c:/program files (x86)/atollic/truestudio for stm32 9.0.1/armtools/bin/../lib/gcc/arm-atollic-eabi/6.3.1/armv6-m\libgcc.a(_clzsi2.o)
 .ARM.attributes
                0x000004ec       0x1e c:/program files (x86)/atollic/truestudio for stm32 9.0.1/armtools/bin/../lib/gcc/arm-atollic-eabi/6.3.1/armv6-m\libgcc.a(_clzdi2.o)
 .ARM.attributes
                0x0000050a       0x1e c:/program files (x86)/atollic/truestudio for stm32 9.0.1/armtools/bin/../lib/gcc/arm-atollic-eabi/6.3.1/armv6-m/crtn.o
OUTPUT(Pokus.elf elf32-littlearm)

.debug_info     0x00000000     0xf1d6
 .debug_info    0x00000000      0x872 Drivers\STM32L0xx_HAL_Driver\Src\stm32l0xx_hal.o
 .debug_info    0x00000872      0x99b Drivers\STM32L0xx_HAL_Driver\Src\stm32l0xx_hal_cortex.o
 .debug_info    0x0000120d      0x819 Drivers\STM32L0xx_HAL_Driver\Src\stm32l0xx_hal_dma.o
 .debug_info    0x00001a26      0x6d8 Drivers\STM32L0xx_HAL_Driver\Src\stm32l0xx_hal_gpio.o
 .debug_info    0x000020fe      0xc4f Drivers\STM32L0xx_HAL_Driver\Src\stm32l0xx_hal_rcc.o
 .debug_info    0x00002d4d      0x934 Drivers\STM32L0xx_HAL_Driver\Src\stm32l0xx_hal_rcc_ex.o
 .debug_info    0x00003681     0x2ff9 Drivers\STM32L0xx_HAL_Driver\Src\stm32l0xx_hal_tim.o
 .debug_info    0x0000667a      0x68f Drivers\STM32L0xx_HAL_Driver\Src\stm32l0xx_hal_tim_ex.o
 .debug_info    0x00006d09     0x1b23 Drivers\STM32L0xx_HAL_Driver\Src\stm32l0xx_hal_uart.o
 .debug_info    0x0000882c      0x983 Drivers\STM32L0xx_HAL_Driver\Src\stm32l0xx_hal_uart_ex.o
 .debug_info    0x000091af      0x717 Src\Bluetooth.o
 .debug_info    0x000098c6      0x9e6 Src\External_interupt.o
 .debug_info    0x0000a2ac      0x6a6 Src\Ultrasound.o
 .debug_info    0x0000a952     0x1b37 Src\main.o
 .debug_info    0x0000c489      0xe94 Src\motorcontrol.o
 .debug_info    0x0000d31d      0xf85 Src\stm32l0xx_hal_msp.o
 .debug_info    0x0000e2a2      0xb1d Src\stm32l0xx_it.o
 .debug_info    0x0000edbf      0x39c Src\system_stm32l0xx.o
 .debug_info    0x0000f15b       0x7b startup\startup_stm32l073xx.o

.debug_abbrev   0x00000000     0x2404
 .debug_abbrev  0x00000000      0x234 Drivers\STM32L0xx_HAL_Driver\Src\stm32l0xx_hal.o
 .debug_abbrev  0x00000234      0x24a Drivers\STM32L0xx_HAL_Driver\Src\stm32l0xx_hal_cortex.o
 .debug_abbrev  0x0000047e      0x1f9 Drivers\STM32L0xx_HAL_Driver\Src\stm32l0xx_hal_dma.o
 .debug_abbrev  0x00000677      0x1cd Drivers\STM32L0xx_HAL_Driver\Src\stm32l0xx_hal_gpio.o
 .debug_abbrev  0x00000844      0x280 Drivers\STM32L0xx_HAL_Driver\Src\stm32l0xx_hal_rcc.o
 .debug_abbrev  0x00000ac4      0x1fd Drivers\STM32L0xx_HAL_Driver\Src\stm32l0xx_hal_rcc_ex.o
 .debug_abbrev  0x00000cc1      0x222 Drivers\STM32L0xx_HAL_Driver\Src\stm32l0xx_hal_tim.o
 .debug_abbrev  0x00000ee3      0x19a Drivers\STM32L0xx_HAL_Driver\Src\stm32l0xx_hal_tim_ex.o
 .debug_abbrev  0x0000107d      0x25a Drivers\STM32L0xx_HAL_Driver\Src\stm32l0xx_hal_uart.o
 .debug_abbrev  0x000012d7      0x233 Drivers\STM32L0xx_HAL_Driver\Src\stm32l0xx_hal_uart_ex.o
 .debug_abbrev  0x0000150a      0x1af Src\Bluetooth.o
 .debug_abbrev  0x000016b9      0x1a6 Src\External_interupt.o
 .debug_abbrev  0x0000185f      0x1be Src\Ultrasound.o
 .debug_abbrev  0x00001a1d      0x265 Src\main.o
 .debug_abbrev  0x00001c82      0x27e Src\motorcontrol.o
 .debug_abbrev  0x00001f00      0x220 Src\stm32l0xx_hal_msp.o
 .debug_abbrev  0x00002120      0x1c1 Src\stm32l0xx_it.o
 .debug_abbrev  0x000022e1      0x111 Src\system_stm32l0xx.o
 .debug_abbrev  0x000023f2       0x12 startup\startup_stm32l073xx.o

.debug_loc      0x00000000     0x7f63
 .debug_loc     0x00000000      0x12c Drivers\STM32L0xx_HAL_Driver\Src\stm32l0xx_hal.o
 .debug_loc     0x0000012c      0x3b4 Drivers\STM32L0xx_HAL_Driver\Src\stm32l0xx_hal_cortex.o
 .debug_loc     0x000004e0      0x7a6 Drivers\STM32L0xx_HAL_Driver\Src\stm32l0xx_hal_dma.o
 .debug_loc     0x00000c86      0x2a5 Drivers\STM32L0xx_HAL_Driver\Src\stm32l0xx_hal_gpio.o
 .debug_loc     0x00000f2b      0x56e Drivers\STM32L0xx_HAL_Driver\Src\stm32l0xx_hal_rcc.o
 .debug_loc     0x00001499      0xab0 Drivers\STM32L0xx_HAL_Driver\Src\stm32l0xx_hal_rcc_ex.o
 .debug_loc     0x00001f49     0x3940 Drivers\STM32L0xx_HAL_Driver\Src\stm32l0xx_hal_tim.o
 .debug_loc     0x00005889      0x111 Drivers\STM32L0xx_HAL_Driver\Src\stm32l0xx_hal_tim_ex.o
 .debug_loc     0x0000599a     0x1acf Drivers\STM32L0xx_HAL_Driver\Src\stm32l0xx_hal_uart.o
 .debug_loc     0x00007469      0x34c Drivers\STM32L0xx_HAL_Driver\Src\stm32l0xx_hal_uart_ex.o
 .debug_loc     0x000077b5       0x2c Src\Bluetooth.o
 .debug_loc     0x000077e1       0x3a Src\External_interupt.o
 .debug_loc     0x0000781b       0x2d Src\Ultrasound.o
 .debug_loc     0x00007848       0x1e Src\main.o
 .debug_loc     0x00007866      0x3ba Src\motorcontrol.o
 .debug_loc     0x00007c20      0x1a1 Src\stm32l0xx_hal_msp.o
 .debug_loc     0x00007dc1      0x1a2 Src\system_stm32l0xx.o

.debug_aranges  0x00000000      0xc40
 .debug_aranges
                0x00000000       0xf8 Drivers\STM32L0xx_HAL_Driver\Src\stm32l0xx_hal.o
 .debug_aranges
                0x000000f8       0x90 Drivers\STM32L0xx_HAL_Driver\Src\stm32l0xx_hal_cortex.o
 .debug_aranges
                0x00000188       0x80 Drivers\STM32L0xx_HAL_Driver\Src\stm32l0xx_hal_dma.o
 .debug_aranges
                0x00000208       0x58 Drivers\STM32L0xx_HAL_Driver\Src\stm32l0xx_hal_gpio.o
 .debug_aranges
                0x00000260       0x80 Drivers\STM32L0xx_HAL_Driver\Src\stm32l0xx_hal_rcc.o
 .debug_aranges
                0x000002e0       0xb0 Drivers\STM32L0xx_HAL_Driver\Src\stm32l0xx_hal_rcc_ex.o
 .debug_aranges
                0x00000390      0x3a8 Drivers\STM32L0xx_HAL_Driver\Src\stm32l0xx_hal_tim.o
 .debug_aranges
                0x00000738       0x28 Drivers\STM32L0xx_HAL_Driver\Src\stm32l0xx_hal_tim_ex.o
 .debug_aranges
                0x00000760      0x1f8 Drivers\STM32L0xx_HAL_Driver\Src\stm32l0xx_hal_uart.o
 .debug_aranges
                0x00000958       0x60 Drivers\STM32L0xx_HAL_Driver\Src\stm32l0xx_hal_uart_ex.o
 .debug_aranges
                0x000009b8       0x30 Src\Bluetooth.o
 .debug_aranges
                0x000009e8       0x20 Src\External_interupt.o
 .debug_aranges
                0x00000a08       0x38 Src\Ultrasound.o
 .debug_aranges
                0x00000a40       0x68 Src\main.o
 .debug_aranges
                0x00000aa8       0x90 Src\motorcontrol.o
 .debug_aranges
                0x00000b38       0x48 Src\stm32l0xx_hal_msp.o
 .debug_aranges
                0x00000b80       0x70 Src\stm32l0xx_it.o
 .debug_aranges
                0x00000bf0       0x28 Src\system_stm32l0xx.o
 .debug_aranges
                0x00000c18       0x28 startup\startup_stm32l073xx.o

.debug_ranges   0x00000000      0xba8
 .debug_ranges  0x00000000       0xe8 Drivers\STM32L0xx_HAL_Driver\Src\stm32l0xx_hal.o
 .debug_ranges  0x000000e8       0xc8 Drivers\STM32L0xx_HAL_Driver\Src\stm32l0xx_hal_cortex.o
 .debug_ranges  0x000001b0       0x70 Drivers\STM32L0xx_HAL_Driver\Src\stm32l0xx_hal_dma.o
 .debug_ranges  0x00000220       0x48 Drivers\STM32L0xx_HAL_Driver\Src\stm32l0xx_hal_gpio.o
 .debug_ranges  0x00000268       0xa0 Drivers\STM32L0xx_HAL_Driver\Src\stm32l0xx_hal_rcc.o
 .debug_ranges  0x00000308       0xb8 Drivers\STM32L0xx_HAL_Driver\Src\stm32l0xx_hal_rcc_ex.o
 .debug_ranges  0x000003c0      0x398 Drivers\STM32L0xx_HAL_Driver\Src\stm32l0xx_hal_tim.o
 .debug_ranges  0x00000758       0x18 Drivers\STM32L0xx_HAL_Driver\Src\stm32l0xx_hal_tim_ex.o
 .debug_ranges  0x00000770      0x1e8 Drivers\STM32L0xx_HAL_Driver\Src\stm32l0xx_hal_uart.o
 .debug_ranges  0x00000958       0x50 Drivers\STM32L0xx_HAL_Driver\Src\stm32l0xx_hal_uart_ex.o
 .debug_ranges  0x000009a8       0x20 Src\Bluetooth.o
 .debug_ranges  0x000009c8       0x10 Src\External_interupt.o
 .debug_ranges  0x000009d8       0x28 Src\Ultrasound.o
 .debug_ranges  0x00000a00       0x58 Src\main.o
 .debug_ranges  0x00000a58       0x80 Src\motorcontrol.o
 .debug_ranges  0x00000ad8       0x38 Src\stm32l0xx_hal_msp.o
 .debug_ranges  0x00000b10       0x60 Src\stm32l0xx_it.o
 .debug_ranges  0x00000b70       0x18 Src\system_stm32l0xx.o
 .debug_ranges  0x00000b88       0x20 startup\startup_stm32l073xx.o

.debug_macro    0x00000000    0x145bb
 .debug_macro   0x00000000      0x1dc Drivers\STM32L0xx_HAL_Driver\Src\stm32l0xx_hal.o
 .debug_macro   0x000001dc      0x8a4 Drivers\STM32L0xx_HAL_Driver\Src\stm32l0xx_hal.o
 .debug_macro   0x00000a80       0xa3 Drivers\STM32L0xx_HAL_Driver\Src\stm32l0xx_hal.o
 .debug_macro   0x00000b23       0x2e Drivers\STM32L0xx_HAL_Driver\Src\stm32l0xx_hal.o
 .debug_macro   0x00000b51       0x28 Drivers\STM32L0xx_HAL_Driver\Src\stm32l0xx_hal.o
 .debug_macro   0x00000b79       0x22 Drivers\STM32L0xx_HAL_Driver\Src\stm32l0xx_hal.o
 .debug_macro   0x00000b9b       0x87 Drivers\STM32L0xx_HAL_Driver\Src\stm32l0xx_hal.o
 .debug_macro   0x00000c22       0x51 Drivers\STM32L0xx_HAL_Driver\Src\stm32l0xx_hal.o
 .debug_macro   0x00000c73       0xef Drivers\STM32L0xx_HAL_Driver\Src\stm32l0xx_hal.o
 .debug_macro   0x00000d62       0x6a Drivers\STM32L0xx_HAL_Driver\Src\stm32l0xx_hal.o
 .debug_macro   0x00000dcc      0x1df Drivers\STM32L0xx_HAL_Driver\Src\stm32l0xx_hal.o
 .debug_macro   0x00000fab       0x34 Drivers\STM32L0xx_HAL_Driver\Src\stm32l0xx_hal.o
 .debug_macro   0x00000fdf       0x26 Drivers\STM32L0xx_HAL_Driver\Src\stm32l0xx_hal.o
 .debug_macro   0x00001005      0x44f Drivers\STM32L0xx_HAL_Driver\Src\stm32l0xx_hal.o
 .debug_macro   0x00001454     0xa43e Drivers\STM32L0xx_HAL_Driver\Src\stm32l0xx_hal.o
 .debug_macro   0x0000b892       0x3c Drivers\STM32L0xx_HAL_Driver\Src\stm32l0xx_hal.o
 .debug_macro   0x0000b8ce     0x34ca Drivers\STM32L0xx_HAL_Driver\Src\stm32l0xx_hal.o
 .debug_macro   0x0000ed98      0x174 Drivers\STM32L0xx_HAL_Driver\Src\stm32l0xx_hal.o
 .debug_macro   0x0000ef0c       0x4f Drivers\STM32L0xx_HAL_Driver\Src\stm32l0xx_hal.o
 .debug_macro   0x0000ef5b      0x8e4 Drivers\STM32L0xx_HAL_Driver\Src\stm32l0xx_hal.o
 .debug_macro   0x0000f83f      0xbb4 Drivers\STM32L0xx_HAL_Driver\Src\stm32l0xx_hal.o
 .debug_macro   0x000103f3      0x13f Drivers\STM32L0xx_HAL_Driver\Src\stm32l0xx_hal.o
 .debug_macro   0x00010532      0x1d1 Drivers\STM32L0xx_HAL_Driver\Src\stm32l0xx_hal.o
 .debug_macro   0x00010703      0x28e Drivers\STM32L0xx_HAL_Driver\Src\stm32l0xx_hal.o
 .debug_macro   0x00010991      0x1e9 Drivers\STM32L0xx_HAL_Driver\Src\stm32l0xx_hal.o
 .debug_macro   0x00010b7a      0x13e Drivers\STM32L0xx_HAL_Driver\Src\stm32l0xx_hal.o
 .debug_macro   0x00010cb8      0x4b5 Drivers\STM32L0xx_HAL_Driver\Src\stm32l0xx_hal.o
 .debug_macro   0x0001116d      0x22c Drivers\STM32L0xx_HAL_Driver\Src\stm32l0xx_hal.o
 .debug_macro   0x00011399       0x5b Drivers\STM32L0xx_HAL_Driver\Src\stm32l0xx_hal.o
 .debug_macro   0x000113f4       0xa5 Drivers\STM32L0xx_HAL_Driver\Src\stm32l0xx_hal.o
 .debug_macro   0x00011499      0x18d Drivers\STM32L0xx_HAL_Driver\Src\stm32l0xx_hal.o
 .debug_macro   0x00011626       0x16 Drivers\STM32L0xx_HAL_Driver\Src\stm32l0xx_hal.o
 .debug_macro   0x0001163c      0x734 Drivers\STM32L0xx_HAL_Driver\Src\stm32l0xx_hal.o
 .debug_macro   0x00011d70       0xfc Drivers\STM32L0xx_HAL_Driver\Src\stm32l0xx_hal.o
 .debug_macro   0x00011e6c      0x57b Drivers\STM32L0xx_HAL_Driver\Src\stm32l0xx_hal.o
 .debug_macro   0x000123e7       0x44 Drivers\STM32L0xx_HAL_Driver\Src\stm32l0xx_hal.o
 .debug_macro   0x0001242b      0x199 Drivers\STM32L0xx_HAL_Driver\Src\stm32l0xx_hal.o
 .debug_macro   0x000125c4      0x1b8 Drivers\STM32L0xx_HAL_Driver\Src\stm32l0xx_hal_cortex.o
 .debug_macro   0x0001277c      0x1b8 Drivers\STM32L0xx_HAL_Driver\Src\stm32l0xx_hal_dma.o
 .debug_macro   0x00012934      0x1f0 Drivers\STM32L0xx_HAL_Driver\Src\stm32l0xx_hal_gpio.o
 .debug_macro   0x00012b24      0x1ee Drivers\STM32L0xx_HAL_Driver\Src\stm32l0xx_hal_rcc.o
 .debug_macro   0x00012d12      0x1b8 Drivers\STM32L0xx_HAL_Driver\Src\stm32l0xx_hal_rcc_ex.o
 .debug_macro   0x00012eca      0x1b9 Drivers\STM32L0xx_HAL_Driver\Src\stm32l0xx_hal_tim.o
 .debug_macro   0x00013083      0x1b8 Drivers\STM32L0xx_HAL_Driver\Src\stm32l0xx_hal_tim_ex.o
 .debug_macro   0x0001323b      0x1e3 Drivers\STM32L0xx_HAL_Driver\Src\stm32l0xx_hal_uart.o
 .debug_macro   0x0001341e      0x1b8 Drivers\STM32L0xx_HAL_Driver\Src\stm32l0xx_hal_uart_ex.o
 .debug_macro   0x000135d6      0x1d1 Src\Bluetooth.o
 .debug_macro   0x000137a7      0x13c Src\Bluetooth.o
 .debug_macro   0x000138e3      0x1df Src\External_interupt.o
 .debug_macro   0x00013ac2      0x1d1 Src\Ultrasound.o
 .debug_macro   0x00013c93      0x1f3 Src\main.o
 .debug_macro   0x00013e86      0x1df Src\motorcontrol.o
 .debug_macro   0x00014065      0x1c7 Src\stm32l0xx_hal_msp.o
 .debug_macro   0x0001422c      0x1d1 Src\stm32l0xx_it.o
 .debug_macro   0x000143fd      0x1be Src\system_stm32l0xx.o

.debug_line     0x00000000     0x9391
 .debug_line    0x00000000      0x785 Drivers\STM32L0xx_HAL_Driver\Src\stm32l0xx_hal.o
 .debug_line    0x00000785      0x74a Drivers\STM32L0xx_HAL_Driver\Src\stm32l0xx_hal_cortex.o
 .debug_line    0x00000ecf      0x7b7 Drivers\STM32L0xx_HAL_Driver\Src\stm32l0xx_hal_dma.o
 .debug_line    0x00001686      0x6dc Drivers\STM32L0xx_HAL_Driver\Src\stm32l0xx_hal_gpio.o
 .debug_line    0x00001d62      0x86e Drivers\STM32L0xx_HAL_Driver\Src\stm32l0xx_hal_rcc.o
 .debug_line    0x000025d0      0x8bb Drivers\STM32L0xx_HAL_Driver\Src\stm32l0xx_hal_rcc_ex.o
 .debug_line    0x00002e8b     0x154a Drivers\STM32L0xx_HAL_Driver\Src\stm32l0xx_hal_tim.o
 .debug_line    0x000043d5      0x5f7 Drivers\STM32L0xx_HAL_Driver\Src\stm32l0xx_hal_tim_ex.o
 .debug_line    0x000049cc     0x1117 Drivers\STM32L0xx_HAL_Driver\Src\stm32l0xx_hal_uart.o
 .debug_line    0x00005ae3      0x6cf Drivers\STM32L0xx_HAL_Driver\Src\stm32l0xx_hal_uart_ex.o
 .debug_line    0x000061b2      0x59f Src\Bluetooth.o
 .debug_line    0x00006751      0x5a8 Src\External_interupt.o
 .debug_line    0x00006cf9      0x5c1 Src\Ultrasound.o
 .debug_line    0x000072ba      0x6e5 Src\main.o
 .debug_line    0x0000799f      0x73a Src\motorcontrol.o
 .debug_line    0x000080d9      0x659 Src\stm32l0xx_hal_msp.o
 .debug_line    0x00008732      0x63b Src\stm32l0xx_it.o
 .debug_line    0x00008d6d      0x5a1 Src\system_stm32l0xx.o
 .debug_line    0x0000930e       0x83 startup\startup_stm32l073xx.o

.debug_str      0x00000000    0x7e179
 .debug_str     0x00000000    0x7a82a Drivers\STM32L0xx_HAL_Driver\Src\stm32l0xx_hal.o
                              0x7ac5a (size before relaxing)
 .debug_str     0x0007a82a      0x2c2 Drivers\STM32L0xx_HAL_Driver\Src\stm32l0xx_hal_cortex.o
                              0x7aa65 (size before relaxing)
 .debug_str     0x0007aaec      0x411 Drivers\STM32L0xx_HAL_Driver\Src\stm32l0xx_hal_dma.o
                              0x7a970 (size before relaxing)
 .debug_str     0x0007aefd      0x2c1 Drivers\STM32L0xx_HAL_Driver\Src\stm32l0xx_hal_gpio.o
                              0x7a8a7 (size before relaxing)
 .debug_str     0x0007b1be      0x42a Drivers\STM32L0xx_HAL_Driver\Src\stm32l0xx_hal_rcc.o
                              0x7aafb (size before relaxing)
 .debug_str     0x0007b5e8      0x452 Drivers\STM32L0xx_HAL_Driver\Src\stm32l0xx_hal_rcc_ex.o
                              0x7aae1 (size before relaxing)
 .debug_str     0x0007ba3a      0xf2d Drivers\STM32L0xx_HAL_Driver\Src\stm32l0xx_hal_tim.o
                              0x7b71c (size before relaxing)
 .debug_str     0x0007c967       0xc7 Drivers\STM32L0xx_HAL_Driver\Src\stm32l0xx_hal_tim_ex.o
                              0x7a985 (size before relaxing)
 .debug_str     0x0007ca2e      0x9d0 Drivers\STM32L0xx_HAL_Driver\Src\stm32l0xx_hal_uart.o
                              0x7b265 (size before relaxing)
 .debug_str     0x0007d3fe      0x185 Drivers\STM32L0xx_HAL_Driver\Src\stm32l0xx_hal_uart_ex.o
                              0x7ab04 (size before relaxing)
 .debug_str     0x0007d583      0x65d Src\Bluetooth.o
                              0x7af2c (size before relaxing)
 .debug_str     0x0007dbe0      0x146 Src\External_interupt.o
                              0x7b04c (size before relaxing)
 .debug_str     0x0007dd26       0x4e Src\Ultrasound.o
                              0x7af35 (size before relaxing)
 .debug_str     0x0007dd74      0x17e Src\main.o
                              0x7ba83 (size before relaxing)
 .debug_str     0x0007def2      0x12b Src\motorcontrol.o
                              0x7b18e (size before relaxing)
 .debug_str     0x0007e01d       0x25 Src\stm32l0xx_hal_msp.o
                              0x7b48e (size before relaxing)
 .debug_str     0x0007e042       0xd3 Src\stm32l0xx_it.o
                              0x7b201 (size before relaxing)
 .debug_str     0x0007e115       0x64 Src\system_stm32l0xx.o
                              0x7a5f2 (size before relaxing)

.comment        0x00000000       0x7c
 .comment       0x00000000       0x7c Drivers\STM32L0xx_HAL_Driver\Src\stm32l0xx_hal.o
                                 0x7d (size before relaxing)
 .comment       0x0000007c       0x7d Drivers\STM32L0xx_HAL_Driver\Src\stm32l0xx_hal_cortex.o
 .comment       0x0000007c       0x7d Drivers\STM32L0xx_HAL_Driver\Src\stm32l0xx_hal_dma.o
 .comment       0x0000007c       0x7d Drivers\STM32L0xx_HAL_Driver\Src\stm32l0xx_hal_gpio.o
 .comment       0x0000007c       0x7d Drivers\STM32L0xx_HAL_Driver\Src\stm32l0xx_hal_rcc.o
 .comment       0x0000007c       0x7d Drivers\STM32L0xx_HAL_Driver\Src\stm32l0xx_hal_rcc_ex.o
 .comment       0x0000007c       0x7d Drivers\STM32L0xx_HAL_Driver\Src\stm32l0xx_hal_tim.o
 .comment       0x0000007c       0x7d Drivers\STM32L0xx_HAL_Driver\Src\stm32l0xx_hal_tim_ex.o
 .comment       0x0000007c       0x7d Drivers\STM32L0xx_HAL_Driver\Src\stm32l0xx_hal_uart.o
 .comment       0x0000007c       0x7d Drivers\STM32L0xx_HAL_Driver\Src\stm32l0xx_hal_uart_ex.o
 .comment       0x0000007c       0x7d Src\Bluetooth.o
 .comment       0x0000007c       0x7d Src\External_interupt.o
 .comment       0x0000007c       0x7d Src\Ultrasound.o
 .comment       0x0000007c       0x7d Src\main.o
 .comment       0x0000007c       0x7d Src\motorcontrol.o
 .comment       0x0000007c       0x7d Src\stm32l0xx_hal_msp.o
 .comment       0x0000007c       0x7d Src\stm32l0xx_it.o
 .comment       0x0000007c       0x7d Src\system_stm32l0xx.o

.debug_frame    0x00000000     0x1e58
 .debug_frame   0x00000000      0x1f4 Drivers\STM32L0xx_HAL_Driver\Src\stm32l0xx_hal.o
 .debug_frame   0x000001f4      0x114 Drivers\STM32L0xx_HAL_Driver\Src\stm32l0xx_hal_cortex.o
 .debug_frame   0x00000308      0x150 Drivers\STM32L0xx_HAL_Driver\Src\stm32l0xx_hal_dma.o
 .debug_frame   0x00000458       0xc8 Drivers\STM32L0xx_HAL_Driver\Src\stm32l0xx_hal_gpio.o
 .debug_frame   0x00000520      0x144 Drivers\STM32L0xx_HAL_Driver\Src\stm32l0xx_hal_rcc.o
 .debug_frame   0x00000664      0x178 Drivers\STM32L0xx_HAL_Driver\Src\stm32l0xx_hal_rcc_ex.o
 .debug_frame   0x000007dc      0xa28 Drivers\STM32L0xx_HAL_Driver\Src\stm32l0xx_hal_tim.o
 .debug_frame   0x00001204       0x44 Drivers\STM32L0xx_HAL_Driver\Src\stm32l0xx_hal_tim_ex.o
 .debug_frame   0x00001248      0x568 Drivers\STM32L0xx_HAL_Driver\Src\stm32l0xx_hal_uart.o
 .debug_frame   0x000017b0       0xec Drivers\STM32L0xx_HAL_Driver\Src\stm32l0xx_hal_uart_ex.o
 .debug_frame   0x0000189c       0x4c Src\Bluetooth.o
 .debug_frame   0x000018e8       0x28 Src\External_interupt.o
 .debug_frame   0x00001910       0x58 Src\Ultrasound.o
 .debug_frame   0x00001968      0x120 Src\main.o
 .debug_frame   0x00001a88      0x158 Src\motorcontrol.o
 .debug_frame   0x00001be0       0xa0 Src\stm32l0xx_hal_msp.o
 .debug_frame   0x00001c80       0xf8 Src\stm32l0xx_it.o
 .debug_frame   0x00001d78       0x38 Src\system_stm32l0xx.o
 .debug_frame   0x00001db0       0x2c c:/program files (x86)/atollic/truestudio for stm32 9.0.1/armtools/bin/../lib/gcc/arm-atollic-eabi/6.3.1/../../../../arm-atollic-eabi/lib/armv6-m\libc_nano.a(lib_a-init.o)
 .debug_frame   0x00001ddc       0x20 c:/program files (x86)/atollic/truestudio for stm32 9.0.1/armtools/bin/../lib/gcc/arm-atollic-eabi/6.3.1/../../../../arm-atollic-eabi/lib/armv6-m\libc_nano.a(lib_a-memset.o)
 .debug_frame   0x00001dfc       0x20 c:/program files (x86)/atollic/truestudio for stm32 9.0.1/armtools/bin/../lib/gcc/arm-atollic-eabi/6.3.1/armv6-m\libgcc.a(_udivsi3.o)
 .debug_frame   0x00001e1c       0x3c c:/program files (x86)/atollic/truestudio for stm32 9.0.1/armtools/bin/../lib/gcc/arm-atollic-eabi/6.3.1/armv6-m\libgcc.a(_udivmoddi4.o)
