Archive member included to satisfy reference by file (symbol)

c:/program files (x86)/atollic/truestudio for stm32 9.0.1/armtools/bin/../lib/gcc/arm-atollic-eabi/6.3.1/../../../../arm-atollic-eabi/lib/armv6-m\libc_nano.a(lib_a-init.o)
                              startup\startup_stm32l073xx.o (__libc_init_array)
c:/program files (x86)/atollic/truestudio for stm32 9.0.1/armtools/bin/../lib/gcc/arm-atollic-eabi/6.3.1/../../../../arm-atollic-eabi/lib/armv6-m\libc_nano.a(lib_a-memset.o)
                              Drivers\STM32L0xx_HAL_Driver\Src\stm32l0xx_hal_rcc.o (memset)
c:/program files (x86)/atollic/truestudio for stm32 9.0.1/armtools/bin/../lib/gcc/arm-atollic-eabi/6.3.1/armv6-m\libgcc.a(_udivsi3.o)
                              Drivers\STM32L0xx_HAL_Driver\Src\stm32l0xx_hal.o (__aeabi_uidiv)
c:/program files (x86)/atollic/truestudio for stm32 9.0.1/armtools/bin/../lib/gcc/arm-atollic-eabi/6.3.1/armv6-m\libgcc.a(_divsi3.o)
                              Src\motorcontrol.o (__aeabi_idiv)
c:/program files (x86)/atollic/truestudio for stm32 9.0.1/armtools/bin/../lib/gcc/arm-atollic-eabi/6.3.1/armv6-m\libgcc.a(_dvmd_tls.o)
                              c:/program files (x86)/atollic/truestudio for stm32 9.0.1/armtools/bin/../lib/gcc/arm-atollic-eabi/6.3.1/armv6-m\libgcc.a(_udivsi3.o) (__aeabi_idiv0)
c:/program files (x86)/atollic/truestudio for stm32 9.0.1/armtools/bin/../lib/gcc/arm-atollic-eabi/6.3.1/armv6-m\libgcc.a(_aeabi_uldivmod.o)
                              Drivers\STM32L0xx_HAL_Driver\Src\stm32l0xx_hal_uart.o (__aeabi_uldivmod)
c:/program files (x86)/atollic/truestudio for stm32 9.0.1/armtools/bin/../lib/gcc/arm-atollic-eabi/6.3.1/armv6-m\libgcc.a(_udivmoddi4.o)
                              c:/program files (x86)/atollic/truestudio for stm32 9.0.1/armtools/bin/../lib/gcc/arm-atollic-eabi/6.3.1/armv6-m\libgcc.a(_aeabi_uldivmod.o) (__udivmoddi4)
c:/program files (x86)/atollic/truestudio for stm32 9.0.1/armtools/bin/../lib/gcc/arm-atollic-eabi/6.3.1/armv6-m\libgcc.a(addsf3.o)
                              Src\motorcontrol.o (__aeabi_fadd)
c:/program files (x86)/atollic/truestudio for stm32 9.0.1/armtools/bin/../lib/gcc/arm-atollic-eabi/6.3.1/armv6-m\libgcc.a(divsf3.o)
                              Src\motorcontrol.o (__aeabi_fdiv)
c:/program files (x86)/atollic/truestudio for stm32 9.0.1/armtools/bin/../lib/gcc/arm-atollic-eabi/6.3.1/armv6-m\libgcc.a(mulsf3.o)
                              Src\motorcontrol.o (__aeabi_fmul)
c:/program files (x86)/atollic/truestudio for stm32 9.0.1/armtools/bin/../lib/gcc/arm-atollic-eabi/6.3.1/armv6-m\libgcc.a(subsf3.o)
                              Src\motorcontrol.o (__aeabi_fsub)
c:/program files (x86)/atollic/truestudio for stm32 9.0.1/armtools/bin/../lib/gcc/arm-atollic-eabi/6.3.1/armv6-m\libgcc.a(fixsfsi.o)
                              Src\motorcontrol.o (__aeabi_f2iz)
c:/program files (x86)/atollic/truestudio for stm32 9.0.1/armtools/bin/../lib/gcc/arm-atollic-eabi/6.3.1/armv6-m\libgcc.a(floatsisf.o)
                              Src\motorcontrol.o (__aeabi_i2f)
c:/program files (x86)/atollic/truestudio for stm32 9.0.1/armtools/bin/../lib/gcc/arm-atollic-eabi/6.3.1/armv6-m\libgcc.a(_clzsi2.o)
                              c:/program files (x86)/atollic/truestudio for stm32 9.0.1/armtools/bin/../lib/gcc/arm-atollic-eabi/6.3.1/armv6-m\libgcc.a(addsf3.o) (__clzsi2)
c:/program files (x86)/atollic/truestudio for stm32 9.0.1/armtools/bin/../lib/gcc/arm-atollic-eabi/6.3.1/armv6-m\libgcc.a(_clzdi2.o)
                              c:/program files (x86)/atollic/truestudio for stm32 9.0.1/armtools/bin/../lib/gcc/arm-atollic-eabi/6.3.1/armv6-m\libgcc.a(_udivmoddi4.o) (__clzdi2)

Allocating common symbols
Common symbol       size              file

maxdistance         0x4               Src\motorcontrol.o
Derivate            0x4               Src\External_interupt.o
Derivate2           0x4               Src\External_interupt.o
speed4              0x2               Src\External_interupt.o
logic1              0x1               Src\External_interupt.o
LastError2          0x4               Src\External_interupt.o
b                   0x1               Src\External_interupt.o
response            0x4               Src\External_interupt.o
Kd2                 0x4               Src\External_interupt.o
speed2              0x2               Src\External_interupt.o
timer               0x4               Src\External_interupt.o
TIM_ultrasound      0x4               Src\External_interupt.o
Ki                  0x4               Src\External_interupt.o
timer2              0x4               Src\External_interupt.o
Integral2           0x4               Src\External_interupt.o
otacky1             0x4               Src\External_interupt.o
LastError           0x4               Src\External_interupt.o
uwTick              0x4               Drivers\STM32L0xx_HAL_Driver\Src\stm32l0xx_hal.o
bluetooth_memory    0x1               Src\Bluetooth.o
[...]
Memory Configuration

Name             Origin             Length             Attributes
RAM              0x20000000         0x00005000         xrw
FLASH            0x08000000         0x00030000         xr
*default*        0x00000000         0xffffffff

Linker script and memory map

LOAD c:/program files (x86)/atollic/truestudio for stm32 9.0.1/armtools/bin/../lib/gcc/arm-atollic-eabi/6.3.1/armv6-m/crti.o
LOAD c:/program files (x86)/atollic/truestudio for stm32 9.0.1/armtools/bin/../lib/gcc/arm-atollic-eabi/6.3.1/armv6-m/crtbegin.o
LOAD Drivers\STM32L0xx_HAL_Driver\Src\stm32l0xx_hal.o
LOAD Drivers\STM32L0xx_HAL_Driver\Src\stm32l0xx_hal_adc.o
LOAD Drivers\STM32L0xx_HAL_Driver\Src\stm32l0xx_hal_adc_ex.o
LOAD Drivers\STM32L0xx_HAL_Driver\Src\stm32l0xx_hal_cortex.o
LOAD Drivers\STM32L0xx_HAL_Driver\Src\stm32l0xx_hal_dma.o
LOAD Drivers\STM32L0xx_HAL_Driver\Src\stm32l0xx_hal_flash.o
LOAD Drivers\STM32L0xx_HAL_Driver\Src\stm32l0xx_hal_flash_ex.o
LOAD Drivers\STM32L0xx_HAL_Driver\Src\stm32l0xx_hal_flash_ramfunc.o
LOAD Drivers\STM32L0xx_HAL_Driver\Src\stm32l0xx_hal_gpio.o
LOAD Drivers\STM32L0xx_HAL_Driver\Src\stm32l0xx_hal_i2c.o
LOAD Drivers\STM32L0xx_HAL_Driver\Src\stm32l0xx_hal_i2c_ex.o
LOAD Drivers\STM32L0xx_HAL_Driver\Src\stm32l0xx_hal_pwr.o
LOAD Drivers\STM32L0xx_HAL_Driver\Src\stm32l0xx_hal_pwr_ex.o
LOAD Drivers\STM32L0xx_HAL_Driver\Src\stm32l0xx_hal_rcc.o
LOAD Drivers\STM32L0xx_HAL_Driver\Src\stm32l0xx_hal_rcc_ex.o
LOAD Drivers\STM32L0xx_HAL_Driver\Src\stm32l0xx_hal_tim.o
LOAD Drivers\STM32L0xx_HAL_Driver\Src\stm32l0xx_hal_tim_ex.o
LOAD Drivers\STM32L0xx_HAL_Driver\Src\stm32l0xx_hal_uart.o
LOAD Drivers\STM32L0xx_HAL_Driver\Src\stm32l0xx_hal_uart_ex.o
LOAD Src\Bluetooth.o
LOAD Src\External_interupt.o
LOAD Src\Step_eng.o
LOAD Src\Ultrasound.o
LOAD Src\main.o
LOAD Src\motorcontrol.o
LOAD Src\stm32l0xx_hal_msp.o
LOAD Src\stm32l0xx_it.o
LOAD Src\system_stm32l0xx.o
LOAD startup\startup_stm32l073xx.o
                0x00000080                malloc_getpagesize_P = 0x80
START GROUP
LOAD c:/program files (x86)/atollic/truestudio for stm32 9.0.1/armtools/bin/../lib/gcc/arm-atollic-eabi/6.3.1/../../../../arm-atollic-eabi/lib/armv6-m\libc_nano.a
LOAD c:/program files (x86)/atollic/truestudio for stm32 9.0.1/armtools/bin/../lib/gcc/arm-atollic-eabi/6.3.1/../../../../arm-atollic-eabi/lib/armv6-m\libm.a
END GROUP
START GROUP
LOAD c:/program files (x86)/atollic/truestudio for stm32 9.0.1/armtools/bin/../lib/gcc/arm-atollic-eabi/6.3.1/armv6-m\libgcc.a
LOAD c:/program files (x86)/atollic/truestudio for stm32 9.0.1/armtools/bin/../lib/gcc/arm-atollic-eabi/6.3.1/../../../../arm-atollic-eabi/lib/armv6-m\libc_nano.a
END GROUP
START GROUP
LOAD c:/program files (x86)/atollic/truestudio for stm32 9.0.1/armtools/bin/../lib/gcc/arm-atollic-eabi/6.3.1/armv6-m\libgcc.a
LOAD c:/program files (x86)/atollic/truestudio for stm32 9.0.1/armtools/bin/../lib/gcc/arm-atollic-eabi/6.3.1/../../../../arm-atollic-eabi/lib/armv6-m\libc_nano.a
LOAD c:/program files (x86)/atollic/truestudio for stm32 9.0.1/armtools/bin/../lib/gcc/arm-atollic-eabi/6.3.1/../../../../arm-atollic-eabi/lib/armv6-m\libnosys.a
END GROUP
START GROUP
LOAD c:/program files (x86)/atollic/truestudio for stm32 9.0.1/armtools/bin/../lib/gcc/arm-atollic-eabi/6.3.1/armv6-m\libgcc.a
LOAD c:/program files (x86)/atollic/truestudio for stm32 9.0.1/armtools/bin/../lib/gcc/arm-atollic-eabi/6.3.1/../../../../arm-atollic-eabi/lib/armv6-m\libc_nano.a
LOAD c:/program files (x86)/atollic/truestudio for stm32 9.0.1/armtools/bin/../lib/gcc/arm-atollic-eabi/6.3.1/../../../../arm-atollic-eabi/lib/armv6-m\libnosys.a
END GROUP
LOAD c:/program files (x86)/atollic/truestudio for stm32 9.0.1/armtools/bin/../lib/gcc/arm-atollic-eabi/6.3.1/armv6-m/crtend.o
LOAD c:/program files (x86)/atollic/truestudio for stm32 9.0.1/armtools/bin/../lib/gcc/arm-atollic-eabi/6.3.1/armv6-m/crtn.o
                0x20005000                _estack = 0x20005000
                0x00000200                _Min_Heap_Size = 0x200
                0x00000400                _Min_Stack_Size = 0x400

.isr_vector     0x08000000       0xc0
                0x08000000                . = ALIGN (0x4)
 *(.isr_vector)
 .isr_vector    0x08000000       0xc0 startup\startup_stm32l073xx.o
                0x08000000                g_pfnVectors
                0x080000c0                . = ALIGN (0x4)

.text           0x080000c0     0x33c0
                0x080000c0                . = ALIGN (0x4)
 *(.text)
 .text          0x080000c0       0x48 c:/program files (x86)/atollic/truestudio for stm32 9.0.1/armtools/bin/../lib/gcc/arm-atollic-eabi/6.3.1/armv6-m/crtbegin.o
 .text          0x08000108      0x114 c:/program files (x86)/atollic/truestudio for stm32 9.0.1/armtools/bin/../lib/gcc/arm-atollic-eabi/6.3.1/armv6-m\libgcc.a(_udivsi3.o)
                0x08000108                __aeabi_uidiv
                0x08000108                __udivsi3
                0x08000214                __aeabi_uidivmod
 .text          0x0800021c        0x4 c:/program files (x86)/atollic/truestudio for stm32 9.0.1/armtools/bin/../lib/gcc/arm-atollic-eabi/6.3.1/armv6-m\libgcc.a(_dvmd_tls.o)
                0x0800021c                __aeabi_idiv0
                0x0800021c                __aeabi_ldiv0
 .text          0x08000220       0x40 c:/program files (x86)/atollic/truestudio for stm32 9.0.1/armtools/bin/../lib/gcc/arm-atollic-eabi/6.3.1/armv6-m\libgcc.a(_aeabi_uldivmod.o)
                0x08000220                __aeabi_uldivmod
 .text          0x08000260      0x180 c:/program files (x86)/atollic/truestudio for stm32 9.0.1/armtools/bin/../lib/gcc/arm-atollic-eabi/6.3.1/armv6-m\libgcc.a(_udivmoddi4.o)
                0x08000260                __udivmoddi4
 .text          0x080003e0       0x3c c:/program files (x86)/atollic/truestudio for stm32 9.0.1/armtools/bin/../lib/gcc/arm-atollic-eabi/6.3.1/armv6-m\libgcc.a(_clzsi2.o)
                0x080003e0                __clzsi2
 .text          0x0800041c       0x18 c:/program files (x86)/atollic/truestudio for stm32 9.0.1/armtools/bin/../lib/gcc/arm-atollic-eabi/6.3.1/armv6-m\libgcc.a(_clzdi2.o)
                0x0800041c                __clzdi2
 *(.text*)
 .text.HAL_InitTick
                0x08000434       0x30 Drivers\STM32L0xx_HAL_Driver\Src\stm32l0xx_hal.o
                0x08000434                HAL_InitTick
 .text.HAL_Init
                0x08000464       0x28 Drivers\STM32L0xx_HAL_Driver\Src\stm32l0xx_hal.o
                0x08000464                HAL_Init
 .text.HAL_IncTick
                0x0800048c       0x10 Drivers\STM32L0xx_HAL_Driver\Src\stm32l0xx_hal.o
                0x0800048c                HAL_IncTick
 .text.HAL_GetTick
                0x0800049c        0xc Drivers\STM32L0xx_HAL_Driver\Src\stm32l0xx_hal.o
                0x0800049c                HAL_GetTick
 .text.HAL_Delay
                0x080004a8       0x1c Drivers\STM32L0xx_HAL_Driver\Src\stm32l0xx_hal.o
                0x080004a8                HAL_Delay
 .text.ADC_DelayMicroSecond
                0x080004c4       0x30 Drivers\STM32L0xx_HAL_Driver\Src\stm32l0xx_hal_adc.o
 .text.ADC_Enable
                0x080004f4       0x88 Drivers\STM32L0xx_HAL_Driver\Src\stm32l0xx_hal_adc.o
 .text.HAL_ADC_Init
                0x0800057c      0x1f4 Drivers\STM32L0xx_HAL_Driver\Src\stm32l0xx_hal_adc.o
                0x0800057c                HAL_ADC_Init
 .text.HAL_ADC_Start
                0x08000770       0x60 Drivers\STM32L0xx_HAL_Driver\Src\stm32l0xx_hal_adc.o
                0x08000770                HAL_ADC_Start
 .text.HAL_ADC_GetValue
                0x080007d0        0x6 Drivers\STM32L0xx_HAL_Driver\Src\stm32l0xx_hal_adc.o
                0x080007d0                HAL_ADC_GetValue
 .text.HAL_ADC_ConvCpltCallback
                0x080007d6        0x2 Drivers\STM32L0xx_HAL_Driver\Src\stm32l0xx_hal_adc.o
                0x080007d6                HAL_ADC_ConvCpltCallback
 .text.HAL_ADC_LevelOutOfWindowCallback
                0x080007d8        0x2 Drivers\STM32L0xx_HAL_Driver\Src\stm32l0xx_hal_adc.o
                0x080007d8                HAL_ADC_LevelOutOfWindowCallback
 .text.HAL_ADC_ErrorCallback
                0x080007da        0x2 Drivers\STM32L0xx_HAL_Driver\Src\stm32l0xx_hal_adc.o
                0x080007da                HAL_ADC_ErrorCallback
 .text.HAL_ADC_IRQHandler
                0x080007dc       0xe4 Drivers\STM32L0xx_HAL_Driver\Src\stm32l0xx_hal_adc.o
                0x080007dc                HAL_ADC_IRQHandler
 .text.HAL_ADC_ConfigChannel
                0x080008c0       0xe0 Drivers\STM32L0xx_HAL_Driver\Src\stm32l0xx_hal_adc.o
                0x080008c0                HAL_ADC_ConfigChannel
 .text.HAL_NVIC_SetPriority
                0x080009a0       0x64 Drivers\STM32L0xx_HAL_Driver\Src\stm32l0xx_hal_cortex.o
                0x080009a0                HAL_NVIC_SetPriority
 .text.HAL_NVIC_EnableIRQ
                0x08000a04       0x14 Drivers\STM32L0xx_HAL_Driver\Src\stm32l0xx_hal_cortex.o
                0x08000a04                HAL_NVIC_EnableIRQ
 .text.HAL_SYSTICK_Config
                0x08000a18       0x38 Drivers\STM32L0xx_HAL_Driver\Src\stm32l0xx_hal_cortex.o
                0x08000a18                HAL_SYSTICK_Config
 .text.HAL_DMA_Init
                0x08000a50       0x98 Drivers\STM32L0xx_HAL_Driver\Src\stm32l0xx_hal_dma.o
                0x08000a50                HAL_DMA_Init
 .text.HAL_DMA_Abort_IT
                0x08000ae8       0x4e Drivers\STM32L0xx_HAL_Driver\Src\stm32l0xx_hal_dma.o
                0x08000ae8                HAL_DMA_Abort_IT
 .text.HAL_DMA_IRQHandler
                0x08000b36       0xba Drivers\STM32L0xx_HAL_Driver\Src\stm32l0xx_hal_dma.o
                0x08000b36                HAL_DMA_IRQHandler
 .text.HAL_GPIO_Init
                0x08000bf0      0x1a4 Drivers\STM32L0xx_HAL_Driver\Src\stm32l0xx_hal_gpio.o
                0x08000bf0                HAL_GPIO_Init
 .text.HAL_GPIO_ReadPin
                0x08000d94        0xe Drivers\STM32L0xx_HAL_Driver\Src\stm32l0xx_hal_gpio.o
                0x08000d94                HAL_GPIO_ReadPin
 .text.HAL_GPIO_WritePin
                0x08000da2        0xc Drivers\STM32L0xx_HAL_Driver\Src\stm32l0xx_hal_gpio.o
                0x08000da2                HAL_GPIO_WritePin
 *fill*         0x08000dae        0x2 
 .text.HAL_GPIO_EXTI_IRQHandler
                0x08000db0       0x1c Drivers\STM32L0xx_HAL_Driver\Src\stm32l0xx_hal_gpio.o
                0x08000db0                HAL_GPIO_EXTI_IRQHandler
 .text.HAL_RCC_GetSysClockFreq
                0x08000dcc       0x94 Drivers\STM32L0xx_HAL_Driver\Src\stm32l0xx_hal_rcc.o
                0x08000dcc                HAL_RCC_GetSysClockFreq
 .text.HAL_RCC_OscConfig
                0x08000e60      0x584 Drivers\STM32L0xx_HAL_Driver\Src\stm32l0xx_hal_rcc.o
                0x08000e60                HAL_RCC_OscConfig
 .text.HAL_RCC_ClockConfig
                0x080013e4      0x1a8 Drivers\STM32L0xx_HAL_Driver\Src\stm32l0xx_hal_rcc.o
                0x080013e4                HAL_RCC_ClockConfig
 .text.HAL_RCC_GetHCLKFreq
                0x0800158c        0xc Drivers\STM32L0xx_HAL_Driver\Src\stm32l0xx_hal_rcc.o
                0x0800158c                HAL_RCC_GetHCLKFreq
 .text.HAL_RCC_GetPCLK1Freq
                0x08001598       0x20 Drivers\STM32L0xx_HAL_Driver\Src\stm32l0xx_hal_rcc.o
                0x08001598                HAL_RCC_GetPCLK1Freq
 .text.HAL_RCC_GetPCLK2Freq
                0x080015b8       0x20 Drivers\STM32L0xx_HAL_Driver\Src\stm32l0xx_hal_rcc.o
                0x080015b8                HAL_RCC_GetPCLK2Freq
 .text.HAL_RCCEx_PeriphCLKConfig
                0x080015d8      0x210 Drivers\STM32L0xx_HAL_Driver\Src\stm32l0xx_hal_rcc_ex.o
                0x080015d8                HAL_RCCEx_PeriphCLKConfig
 .text.TIM_Base_SetConfig
                0x080017e8       0x70 Drivers\STM32L0xx_HAL_Driver\Src\stm32l0xx_hal_tim.o
 .text.TIM_OC1_SetConfig
                0x08001858       0x2c Drivers\STM32L0xx_HAL_Driver\Src\stm32l0xx_hal_tim.o
 .text.TIM_OC2_SetConfig
                0x08001884       0x34 Drivers\STM32L0xx_HAL_Driver\Src\stm32l0xx_hal_tim.o
 .text.TIM_OC3_SetConfig
                0x080018b8       0x38 Drivers\STM32L0xx_HAL_Driver\Src\stm32l0xx_hal_tim.o
 .text.TIM_OC4_SetConfig
                0x080018f0       0x3c Drivers\STM32L0xx_HAL_Driver\Src\stm32l0xx_hal_tim.o
 .text.TIM_TI1_ConfigInputStage
                0x0800192c       0x22 Drivers\STM32L0xx_HAL_Driver\Src\stm32l0xx_hal_tim.o
 *fill*         0x0800194e        0x2 
 .text.TIM_TI2_ConfigInputStage
                0x08001950       0x28 Drivers\STM32L0xx_HAL_Driver\Src\stm32l0xx_hal_tim.o
 .text.TIM_ITRx_SetConfig
                0x08001978       0x12 Drivers\STM32L0xx_HAL_Driver\Src\stm32l0xx_hal_tim.o
 *fill*         0x0800198a        0x2 
 .text.TIM_ETR_SetConfig
                0x0800198c       0x18 Drivers\STM32L0xx_HAL_Driver\Src\stm32l0xx_hal_tim.o
 .text.TIM_CCxChannelCmd
                0x080019a4       0x1a Drivers\STM32L0xx_HAL_Driver\Src\stm32l0xx_hal_tim.o
 .text.HAL_TIM_Base_Init
                0x080019be       0x34 Drivers\STM32L0xx_HAL_Driver\Src\stm32l0xx_hal_tim.o
                0x080019be                HAL_TIM_Base_Init
 .text.HAL_TIM_PWM_MspInit
                0x080019f2        0x2 Drivers\STM32L0xx_HAL_Driver\Src\stm32l0xx_hal_tim.o
                0x080019f2                HAL_TIM_PWM_MspInit
 .text.HAL_TIM_PWM_Init
                0x080019f4       0x34 Drivers\STM32L0xx_HAL_Driver\Src\stm32l0xx_hal_tim.o
                0x080019f4                HAL_TIM_PWM_Init
 .text.HAL_TIM_PWM_Start
                0x08001a28       0x24 Drivers\STM32L0xx_HAL_Driver\Src\stm32l0xx_hal_tim.o
                0x08001a28                HAL_TIM_PWM_Start
 .text.HAL_TIM_PWM_ConfigChannel
                0x08001a4c       0xec Drivers\STM32L0xx_HAL_Driver\Src\stm32l0xx_hal_tim.o
                0x08001a4c                HAL_TIM_PWM_ConfigChannel
 .text.HAL_TIM_ConfigClockSource
                0x08001b38       0xe4 Drivers\STM32L0xx_HAL_Driver\Src\stm32l0xx_hal_tim.o
                0x08001b38                HAL_TIM_ConfigClockSource
 .text.HAL_TIM_PeriodElapsedCallback
                0x08001c1c        0x2 Drivers\STM32L0xx_HAL_Driver\Src\stm32l0xx_hal_tim.o
                0x08001c1c                HAL_TIM_PeriodElapsedCallback
 .text.HAL_TIM_OC_DelayElapsedCallback
                0x08001c1e        0x2 Drivers\STM32L0xx_HAL_Driver\Src\stm32l0xx_hal_tim.o
                0x08001c1e                HAL_TIM_OC_DelayElapsedCallback
 .text.HAL_TIM_IC_CaptureCallback
                0x08001c20        0x2 Drivers\STM32L0xx_HAL_Driver\Src\stm32l0xx_hal_tim.o
                0x08001c20                HAL_TIM_IC_CaptureCallback
 .text.HAL_TIM_TriggerCallback
                0x08001c22        0x2 Drivers\STM32L0xx_HAL_Driver\Src\stm32l0xx_hal_tim.o
                0x08001c22                HAL_TIM_TriggerCallback
 .text.HAL_TIM_IRQHandler
                0x08001c24      0x122 Drivers\STM32L0xx_HAL_Driver\Src\stm32l0xx_hal_tim.o
                0x08001c24                HAL_TIM_IRQHandler
 .text.HAL_TIMEx_MasterConfigSynchronization
                0x08001d46       0x56 Drivers\STM32L0xx_HAL_Driver\Src\stm32l0xx_hal_tim_ex.o
                0x08001d46                HAL_TIMEx_MasterConfigSynchronization
 .text.HAL_TIMEx_RemapConfig
                0x08001d9c       0x1a Drivers\STM32L0xx_HAL_Driver\Src\stm32l0xx_hal_tim_ex.o
                0x08001d9c                HAL_TIMEx_RemapConfig
 *fill*         0x08001db6        0x2 
 .text.UART_EndRxTransfer
                0x08001db8       0x24 Drivers\STM32L0xx_HAL_Driver\Src\stm32l0xx_hal_uart.o
 .text.UART_TxISR_8BIT
                0x08001ddc       0x42 Drivers\STM32L0xx_HAL_Driver\Src\stm32l0xx_hal_uart.o
 .text.UART_TxISR_16BIT
                0x08001e1e       0x46 Drivers\STM32L0xx_HAL_Driver\Src\stm32l0xx_hal_uart.o
 .text.HAL_UART_Transmit_IT
                0x08001e64       0x90 Drivers\STM32L0xx_HAL_Driver\Src\stm32l0xx_hal_uart.o
                0x08001e64                HAL_UART_Transmit_IT
 .text.HAL_UART_Receive_IT
                0x08001ef4       0xfc Drivers\STM32L0xx_HAL_Driver\Src\stm32l0xx_hal_uart.o
                0x08001ef4                HAL_UART_Receive_IT
 .text.HAL_UART_TxCpltCallback
                0x08001ff0        0x2 Drivers\STM32L0xx_HAL_Driver\Src\stm32l0xx_hal_uart.o
                0x08001ff0                HAL_UART_TxCpltCallback
 .text.UART_EndTransmit_IT
                0x08001ff2       0x1a Drivers\STM32L0xx_HAL_Driver\Src\stm32l0xx_hal_uart.o
 .text.HAL_UART_RxCpltCallback
                0x0800200c        0x2 Drivers\STM32L0xx_HAL_Driver\Src\stm32l0xx_hal_uart.o
                0x0800200c                HAL_UART_RxCpltCallback
 *fill*         0x0800200e        0x2 
 .text.UART_RxISR_8BIT
                0x08002010       0x64 Drivers\STM32L0xx_HAL_Driver\Src\stm32l0xx_hal_uart.o
 .text.UART_RxISR_16BIT
                0x08002074       0x64 Drivers\STM32L0xx_HAL_Driver\Src\stm32l0xx_hal_uart.o
 .text.HAL_UART_ErrorCallback
                0x080020d8        0x2 Drivers\STM32L0xx_HAL_Driver\Src\stm32l0xx_hal_uart.o
                0x080020d8                HAL_UART_ErrorCallback
 *fill*         0x080020da        0x2 
 .text.HAL_UART_IRQHandler
                0x080020dc      0x144 Drivers\STM32L0xx_HAL_Driver\Src\stm32l0xx_hal_uart.o
                0x080020dc                HAL_UART_IRQHandler
 .text.UART_DMAAbortOnError
                0x08002220       0x14 Drivers\STM32L0xx_HAL_Driver\Src\stm32l0xx_hal_uart.o
 .text.UART_SetConfig
                0x08002234      0x38c Drivers\STM32L0xx_HAL_Driver\Src\stm32l0xx_hal_uart.o
                0x08002234                UART_SetConfig
 .text.UART_AdvFeatureConfig
                0x080025c0       0xe0 Drivers\STM32L0xx_HAL_Driver\Src\stm32l0xx_hal_uart.o
                0x080025c0                UART_AdvFeatureConfig
 .text.UART_WaitOnFlagUntilTimeout
                0x080026a0       0x68 Drivers\STM32L0xx_HAL_Driver\Src\stm32l0xx_hal_uart.o
                0x080026a0                UART_WaitOnFlagUntilTimeout
 .text.UART_CheckIdleState
                0x08002708       0x6c Drivers\STM32L0xx_HAL_Driver\Src\stm32l0xx_hal_uart.o
                0x08002708                UART_CheckIdleState
 .text.HAL_UART_Init
                0x08002774       0x6c Drivers\STM32L0xx_HAL_Driver\Src\stm32l0xx_hal_uart.o
                0x08002774                HAL_UART_Init
 .text.HAL_UARTEx_WakeupCallback
                0x080027e0        0x2 Drivers\STM32L0xx_HAL_Driver\Src\stm32l0xx_hal_uart_ex.o
                0x080027e0                HAL_UARTEx_WakeupCallback
 *fill*         0x080027e2        0x2 
 .text.send_bluetooth
                0x080027e4       0x14 Src\Bluetooth.o
                0x080027e4                send_bluetooth
 .text.start_bluetooth
                0x080027f8       0x34 Src\Bluetooth.o
                0x080027f8                start_bluetooth
 .text.interupt_bluetooth_return
                0x0800282c        0x8 Src\Bluetooth.o
                0x0800282c                interupt_bluetooth_return
 .text.HAL_GPIO_EXTI_Callback
                0x08002834       0xd4 Src\External_interupt.o
                0x08002834                HAL_GPIO_EXTI_Callback
 .text.HAL_TIM_PWM_PulseFinishedCallback
                0x08002908       0x64 Src\Ultrasound.o
                0x08002908                HAL_TIM_PWM_PulseFinishedCallback
 .text.MX_GPIO_Init
                0x0800296c      0x114 Src\main.o
 .text.MX_DMA_Init
                0x08002a80       0x40 Src\main.o
 .text.MX_TIM6_Init
                0x08002ac0       0x48 Src\main.o
 .text.MX_TIM2_Init
                0x08002b08       0x54 Src\main.o
 .text.MX_TIM3_Init
                0x08002b5c       0xb0 Src\main.o
 .text.MX_TIM22_Init
                0x08002c0c       0x94 Src\main.o
 .text.MX_USART1_UART_Init
                0x08002ca0       0x30 Src\main.o
 .text.MX_ADC_Init
                0x08002cd0       0x74 Src\main.o
 .text.SystemClock_Config
                0x08002d44       0x84 Src\main.o
                0x08002d44                SystemClock_Config
 .text.main     0x08002dc8       0x90 Src\main.o
                0x08002dc8                main
 .text.Error_Handler
                0x08002e58        0x2 Src\main.o
                0x08002e58                Error_Handler
 *fill*         0x08002e5a        0x2 
 .text.start_motor_control
                0x08002e5c       0x70 Src\motorcontrol.o
                0x08002e5c                start_motor_control
 .text.init_PID
                0x08002ecc       0x5c Src\motorcontrol.o
                0x08002ecc                init_PID
 .text.init_PID_ultrazvuk
                0x08002f28       0x68 Src\motorcontrol.o
                0x08002f28                init_PID_ultrazvuk
 .text.start_encoder
                0x08002f90       0x14 Src\motorcontrol.o
                0x08002f90                start_encoder
 .text.HAL_MspInit
                0x08002fa4       0x1c Src\stm32l0xx_hal_msp.o
                0x08002fa4                HAL_MspInit
 .text.HAL_ADC_MspInit
                0x08002fc0       0xa8 Src\stm32l0xx_hal_msp.o
                0x08002fc0                HAL_ADC_MspInit
 .text.HAL_TIM_Base_MspInit
                0x08003068       0x90 Src\stm32l0xx_hal_msp.o
                0x08003068                HAL_TIM_Base_MspInit
 .text.HAL_TIM_MspPostInit
                0x080030f8       0xa8 Src\stm32l0xx_hal_msp.o
                0x080030f8                HAL_TIM_MspPostInit
 .text.HAL_UART_MspInit
                0x080031a0       0xe0 Src\stm32l0xx_hal_msp.o
                0x080031a0                HAL_UART_MspInit
 .text.NMI_Handler
                0x08003280        0x2 Src\stm32l0xx_it.o
                0x08003280                NMI_Handler
 .text.HardFault_Handler
                0x08003282        0x2 Src\stm32l0xx_it.o
                0x08003282                HardFault_Handler
 .text.SVC_Handler
                0x08003284        0x2 Src\stm32l0xx_it.o
                0x08003284                SVC_Handler
 .text.PendSV_Handler
                0x08003286        0x2 Src\stm32l0xx_it.o
                0x08003286                PendSV_Handler
 .text.SysTick_Handler
                0x08003288        0x8 Src\stm32l0xx_it.o
                0x08003288                SysTick_Handler
 .text.EXTI4_15_IRQHandler
                0x08003290       0x48 Src\stm32l0xx_it.o
                0x08003290                EXTI4_15_IRQHandler
 .text.DMA1_Channel1_IRQHandler
                0x080032d8       0x10 Src\stm32l0xx_it.o
                0x080032d8                DMA1_Channel1_IRQHandler
 .text.DMA1_Channel2_3_IRQHandler
                0x080032e8       0x18 Src\stm32l0xx_it.o
                0x080032e8                DMA1_Channel2_3_IRQHandler
 .text.ADC1_COMP_IRQHandler
                0x08003300       0x10 Src\stm32l0xx_it.o
                0x08003300                ADC1_COMP_IRQHandler
 .text.TIM3_IRQHandler
                0x08003310       0x10 Src\stm32l0xx_it.o
                0x08003310                TIM3_IRQHandler
 .text.TIM6_DAC_IRQHandler
                0x08003320       0x10 Src\stm32l0xx_it.o
                0x08003320                TIM6_DAC_IRQHandler
 .text.TIM22_IRQHandler
                0x08003330       0x10 Src\stm32l0xx_it.o
                0x08003330                TIM22_IRQHandler
 .text.USART1_IRQHandler
                0x08003340       0x20 Src\stm32l0xx_it.o
                0x08003340                USART1_IRQHandler
 .text.SystemInit
                0x08003360       0x5c Src\system_stm32l0xx.o
                0x08003360                SystemInit
 .text.Reset_Handler
                0x080033bc       0x50 startup\startup_stm32l073xx.o
                0x080033bc                Reset_Handler
 .text.Default_Handler
                0x0800340c        0x2 startup\startup_stm32l073xx.o
                0x0800340c                TSC_IRQHandler
                0x0800340c                PVD_IRQHandler
                0x0800340c                I2C1_IRQHandler
                0x0800340c                RCC_CRS_IRQHandler
                0x0800340c                SPI1_IRQHandler
                0x0800340c                EXTI2_3_IRQHandler
                0x0800340c                I2C2_IRQHandler
                0x0800340c                RTC_IRQHandler
                0x0800340c                LCD_IRQHandler
                0x0800340c                DMA1_Channel4_5_6_7_IRQHandler
                0x0800340c                USART4_5_IRQHandler
                0x0800340c                Default_Handler
                0x0800340c                TIM7_IRQHandler
                0x0800340c                EXTI0_1_IRQHandler
                0x0800340c                USB_IRQHandler
                0x0800340c                I2C3_IRQHandler
                0x0800340c                SPI2_IRQHandler
                0x0800340c                TIM21_IRQHandler
                0x0800340c                WWDG_IRQHandler
                0x0800340c                TIM2_IRQHandler
                0x0800340c                USART2_IRQHandler
                0x0800340c                FLASH_IRQHandler
                0x0800340c                RNG_LPUART1_IRQHandler
                0x0800340c                LPTIM1_IRQHandler
 *fill*         0x0800340e        0x2 
 .text.__libc_init_array
                0x08003410       0x48 c:/program files (x86)/atollic/truestudio for stm32 9.0.1/armtools/bin/../lib/gcc/arm-atollic-eabi/6.3.1/../../../../arm-atollic-eabi/lib/armv6-m\libc_nano.a(lib_a-init.o)
                0x08003410                __libc_init_array
 .text.memset   0x08003458       0x10 c:/program files (x86)/atollic/truestudio for stm32 9.0.1/armtools/bin/../lib/gcc/arm-atollic-eabi/6.3.1/../../../../arm-atollic-eabi/lib/armv6-m\libc_nano.a(lib_a-memset.o)
                0x08003458                memset
 *(.glue_7)
 .glue_7        0x08003468        0x0 linker stubs
 *(.glue_7t)
 .glue_7t       0x08003468        0x0 linker stubs
 *(.eh_frame)
 .eh_frame      0x08003468        0x0 c:/program files (x86)/atollic/truestudio for stm32 9.0.1/armtools/bin/../lib/gcc/arm-atollic-eabi/6.3.1/armv6-m/crtbegin.o
 *(.init)
 .init          0x08003468        0x4 c:/program files (x86)/atollic/truestudio for stm32 9.0.1/armtools/bin/../lib/gcc/arm-atollic-eabi/6.3.1/armv6-m/crti.o
                0x08003468                _init
 .init          0x0800346c        0x8 c:/program files (x86)/atollic/truestudio for stm32 9.0.1/armtools/bin/../lib/gcc/arm-atollic-eabi/6.3.1/armv6-m/crtn.o
 *(.fini)
 .fini          0x08003474        0x4 c:/program files (x86)/atollic/truestudio for stm32 9.0.1/armtools/bin/../lib/gcc/arm-atollic-eabi/6.3.1/armv6-m/crti.o
                0x08003474                _fini
 .fini          0x08003478        0x8 c:/program files (x86)/atollic/truestudio for stm32 9.0.1/armtools/bin/../lib/gcc/arm-atollic-eabi/6.3.1/armv6-m/crtn.o
                0x08003480                . = ALIGN (0x4)
                0x08003480                _etext = .

.vfp11_veneer   0x08003480        0x0
 .vfp11_veneer  0x08003480        0x0 linker stubs

.v4_bx          0x08003480        0x0
 .v4_bx         0x08003480        0x0 linker stubs

.iplt           0x08003480        0x0
 .iplt          0x08003480        0x0 c:/program files (x86)/atollic/truestudio for stm32 9.0.1/armtools/bin/../lib/gcc/arm-atollic-eabi/6.3.1/armv6-m/crtbegin.o

.rodata         0x08003480       0x6c
                0x08003480                . = ALIGN (0x4)
 *(.rodata)
 .rodata        0x08003480       0x48 Drivers\STM32L0xx_HAL_Driver\Src\stm32l0xx_hal_uart.o
 .rodata        0x080034c8       0x24 Src\system_stm32l0xx.o
                0x080034c8                PLLMulTable
                0x080034d4                AHBPrescTable
                0x080034e4                APBPrescTable
 *(.rodata*)
                0x080034ec                . = ALIGN (0x4)

.ARM.extab
 *(.ARM.extab* .gnu.linkonce.armextab.*)

.ARM            0x080034ec        0x8
                0x080034ec                __exidx_start = .
 *(.ARM.exidx*)
 .ARM.exidx     0x080034ec        0x8 c:/program files (x86)/atollic/truestudio for stm32 9.0.1/armtools/bin/../lib/gcc/arm-atollic-eabi/6.3.1/armv6-m\libgcc.a(_udivmoddi4.o)
                0x080034f4                __exidx_end = .

.rel.dyn        0x080034f4        0x0
 .rel.iplt      0x080034f4        0x0 c:/program files (x86)/atollic/truestudio for stm32 9.0.1/armtools/bin/../lib/gcc/arm-atollic-eabi/6.3.1/armv6-m/crtbegin.o

.preinit_array  0x080034f4        0x0
                0x080034f4                PROVIDE (__preinit_array_start, .)
 *(.preinit_array*)
                0x080034f4                PROVIDE (__preinit_array_end, .)

.init_array     0x080034f4        0x4
                0x080034f4                PROVIDE (__init_array_start, .)
 *(SORT(.init_array.*))
 *(.init_array*)
 .init_array    0x080034f4        0x4 c:/program files (x86)/atollic/truestudio for stm32 9.0.1/armtools/bin/../lib/gcc/arm-atollic-eabi/6.3.1/armv6-m/crtbegin.o
                0x080034f8                PROVIDE (__init_array_end, .)

.fini_array     0x080034f8        0x4
                [!provide]                PROVIDE (__fini_array_start, .)
 *(SORT(.fini_array.*))
 *(.fini_array*)
 .fini_array    0x080034f8        0x4 c:/program files (x86)/atollic/truestudio for stm32 9.0.1/armtools/bin/../lib/gcc/arm-atollic-eabi/6.3.1/armv6-m/crtbegin.o
                [!provide]                PROVIDE (__fini_array_end, .)
                0x080034fc                _sidata = LOADADDR (.data)

.data           0x20000000        0x4 load address 0x080034fc
                0x20000000                . = ALIGN (0x4)
                0x20000000                _sdata = .
 *(.data)
 .data          0x20000000        0x4 Src\system_stm32l0xx.o
                0x20000000                SystemCoreClock
 *(.data*)
                0x20000004                . = ALIGN (0x4)
                0x20000004                _edata = .

.igot.plt       0x20000004        0x0 load address 0x08003500
 .igot.plt      0x20000004        0x0 c:/program files (x86)/atollic/truestudio for stm32 9.0.1/armtools/bin/../lib/gcc/arm-atollic-eabi/6.3.1/armv6-m/crtbegin.o
                0x20000004                . = ALIGN (0x4)

.bss            0x20000004      0x364 load address 0x08003500
                0x20000004                _sbss = .
                0x20000004                __bss_start__ = _sbss
 *(.bss)
 .bss           0x20000004       0x1c c:/program files (x86)/atollic/truestudio for stm32 9.0.1/armtools/bin/../lib/gcc/arm-atollic-eabi/6.3.1/armv6-m/crtbegin.o
 *(.bss*)
 *(COMMON)
 COMMON         0x20000020        0x4 Drivers\STM32L0xx_HAL_Driver\Src\stm32l0xx_hal.o
                0x20000020                uwTick
 COMMON         0x20000024        0x8 Src\Bluetooth.o
                0x20000024                bluetooth_memory
                0x20000025                sending_tmp
                0x20000028                huart_inner
 COMMON         0x2000002c       0x94 Src\External_interupt.o
                0x2000002c                Derivate
                0x20000030                Derivate2
                0x20000034                speed4
                0x20000036                logic1
                0x20000038                LastError2
                0x2000003c                b
                0x20000040                response
                0x20000044                Kd2
                0x20000048                speed2
                0x2000004c                timer
                0x20000050                TIM_ultrasound
                0x20000054                Ki
                0x20000058                timer2
                0x2000005c                Integral2
                0x20000060                otacky1
                0x20000064                LastError
                0x20000068                pow1
                0x2000006c                set_speed_rigth
                0x20000070                otacky2
                0x20000074                chan1
                0x20000078                distance1
                0x2000007c                speed3
                0x20000080                etalon
                0x20000084                Turn
                0x20000088                set_speed_left
                0x2000008c                distance2
                0x20000090                dist2
                0x20000094                Kd
                0x20000098                dist1
                0x2000009c                logic2
                0x200000a0                error
                0x200000a4                Ki2
                0x200000a8                Integral
                0x200000ac                Kp
                0x200000b0                Kp2
                0x200000b4                speed1
                0x200000b6                a
                0x200000b8                chan2
                0x200000bc                pow2
 COMMON         0x200000c0      0x2a8 Src\main.o
                0x200000c0                htim3
                0x200000fc                hdma_usart1_tx
                0x20000144                hdma_usart1_rx
                0x2000018c                htim22
                0x200001c8                huart1
                0x20000248                htim6
                0x20000284                htim2
                0x200002c0                hdma_adc
                0x20000308                cista_voda_value
                0x2000030c                hadc
                0x20000368                . = ALIGN (0x4)
                0x20000368                _ebss = .
                0x20000368                __bss_end__ = _ebss

._user_heap_stack
                0x20000368      0x600 load address 0x08003500
                0x20000368                . = ALIGN (0x8)
                [!provide]                PROVIDE (end, .)
                [!provide]                PROVIDE (_end, .)
                0x20000568                . = (. + _Min_Heap_Size)
 *fill*         0x20000368      0x200 
                0x20000968                . = (. + _Min_Stack_Size)
 *fill*         0x20000568      0x400 
                0x20000968                . = ALIGN (0x8)

/DISCARD/
 libc.a(*)
 libm.a(*)
 libgcc.a(*)

.ARM.attributes
                0x00000000       0x28
 *(.ARM.attributes)
 .ARM.attributes
                0x00000000       0x1e c:/program files (x86)/atollic/truestudio for stm32 9.0.1/armtools/bin/../lib/gcc/arm-atollic-eabi/6.3.1/armv6-m/crti.o
 .ARM.attributes
                0x0000001e       0x2c c:/program files (x86)/atollic/truestudio for stm32 9.0.1/armtools/bin/../lib/gcc/arm-atollic-eabi/6.3.1/armv6-m/crtbegin.o
 .ARM.attributes
                0x0000004a       0x32 Drivers\STM32L0xx_HAL_Driver\Src\stm32l0xx_hal.o
 .ARM.attributes
                0x0000007c       0x32 Drivers\STM32L0xx_HAL_Driver\Src\stm32l0xx_hal_adc.o
 .ARM.attributes
                0x000000ae       0x32 Drivers\STM32L0xx_HAL_Driver\Src\stm32l0xx_hal_cortex.o
 .ARM.attributes
                0x000000e0       0x32 Drivers\STM32L0xx_HAL_Driver\Src\stm32l0xx_hal_dma.o
 .ARM.attributes
                0x00000112       0x32 Drivers\STM32L0xx_HAL_Driver\Src\stm32l0xx_hal_gpio.o
 .ARM.attributes
                0x00000144       0x32 Drivers\STM32L0xx_HAL_Driver\Src\stm32l0xx_hal_rcc.o
 .ARM.attributes
                0x00000176       0x32 Drivers\STM32L0xx_HAL_Driver\Src\stm32l0xx_hal_rcc_ex.o
 .ARM.attributes
                0x000001a8       0x32 Drivers\STM32L0xx_HAL_Driver\Src\stm32l0xx_hal_tim.o
 .ARM.attributes
                0x000001da       0x32 Drivers\STM32L0xx_HAL_Driver\Src\stm32l0xx_hal_tim_ex.o
 .ARM.attributes
                0x0000020c       0x32 Drivers\STM32L0xx_HAL_Driver\Src\stm32l0xx_hal_uart.o
 .ARM.attributes
                0x0000023e       0x32 Drivers\STM32L0xx_HAL_Driver\Src\stm32l0xx_hal_uart_ex.o
 .ARM.attributes
                0x00000270       0x32 Src\Bluetooth.o
 .ARM.attributes
                0x000002a2       0x32 Src\External_interupt.o
 .ARM.attributes
                0x000002d4       0x32 Src\Ultrasound.o
 .ARM.attributes
                0x00000306       0x32 Src\main.o
 .ARM.attributes
                0x00000338       0x32 Src\motorcontrol.o
 .ARM.attributes
                0x0000036a       0x32 Src\stm32l0xx_hal_msp.o
 .ARM.attributes
                0x0000039c       0x32 Src\stm32l0xx_it.o
 .ARM.attributes
                0x000003ce       0x32 Src\system_stm32l0xx.o
 .ARM.attributes
                0x00000400       0x22 startup\startup_stm32l073xx.o
 .ARM.attributes
                0x00000422       0x2c c:/program files (x86)/atollic/truestudio for stm32 9.0.1/armtools/bin/../lib/gcc/arm-atollic-eabi/6.3.1/../../../../arm-atollic-eabi/lib/armv6-m\libc_nano.a(lib_a-init.o)
 .ARM.attributes
                0x0000044e       0x2c c:/program files (x86)/atollic/truestudio for stm32 9.0.1/armtools/bin/../lib/gcc/arm-atollic-eabi/6.3.1/../../../../arm-atollic-eabi/lib/armv6-m\libc_nano.a(lib_a-memset.o)
 .ARM.attributes
                0x0000047a       0x1e c:/program files (x86)/atollic/truestudio for stm32 9.0.1/armtools/bin/../lib/gcc/arm-atollic-eabi/6.3.1/armv6-m\libgcc.a(_udivsi3.o)
 .ARM.attributes
                0x00000498       0x1e c:/program files (x86)/atollic/truestudio for stm32 9.0.1/armtools/bin/../lib/gcc/arm-atollic-eabi/6.3.1/armv6-m\libgcc.a(_dvmd_tls.o)
 .ARM.attributes
                0x000004b6       0x1e c:/program files (x86)/atollic/truestudio for stm32 9.0.1/armtools/bin/../lib/gcc/arm-atollic-eabi/6.3.1/armv6-m\libgcc.a(_aeabi_uldivmod.o)
 .ARM.attributes
                0x000004d4       0x2c c:/program files (x86)/atollic/truestudio for stm32 9.0.1/armtools/bin/../lib/gcc/arm-atollic-eabi/6.3.1/armv6-m\libgcc.a(_udivmoddi4.o)
 .ARM.attributes
                0x00000500       0x1e c:/program files (x86)/atollic/truestudio for stm32 9.0.1/armtools/bin/../lib/gcc/arm-atollic-eabi/6.3.1/armv6-m\libgcc.a(_clzsi2.o)
 .ARM.attributes
                0x0000051e       0x1e c:/program files (x86)/atollic/truestudio for stm32 9.0.1/armtools/bin/../lib/gcc/arm-atollic-eabi/6.3.1/armv6-m\libgcc.a(_clzdi2.o)
 .ARM.attributes
                0x0000053c       0x1e c:/program files (x86)/atollic/truestudio for stm32 9.0.1/armtools/bin/../lib/gcc/arm-atollic-eabi/6.3.1/armv6-m/crtn.o
OUTPUT(Pokus.elf elf32-littlearm)

.debug_info     0x00000000    0x10c4f
 .debug_info    0x00000000      0x872 Drivers\STM32L0xx_HAL_Driver\Src\stm32l0xx_hal.o
 .debug_info    0x00000872      0xf2b Drivers\STM32L0xx_HAL_Driver\Src\stm32l0xx_hal_adc.o
 .debug_info    0x0000179d      0x99b Drivers\STM32L0xx_HAL_Driver\Src\stm32l0xx_hal_cortex.o
 .debug_info    0x00002138      0x819 Drivers\STM32L0xx_HAL_Driver\Src\stm32l0xx_hal_dma.o
 .debug_info    0x00002951      0x6d8 Drivers\STM32L0xx_HAL_Driver\Src\stm32l0xx_hal_gpio.o
 .debug_info    0x00003029      0xc4f Drivers\STM32L0xx_HAL_Driver\Src\stm32l0xx_hal_rcc.o
 .debug_info    0x00003c78      0x934 Drivers\STM32L0xx_HAL_Driver\Src\stm32l0xx_hal_rcc_ex.o
 .debug_info    0x000045ac     0x2ff9 Drivers\STM32L0xx_HAL_Driver\Src\stm32l0xx_hal_tim.o
 .debug_info    0x000075a5      0x68f Drivers\STM32L0xx_HAL_Driver\Src\stm32l0xx_hal_tim_ex.o
 .debug_info    0x00007c34     0x1b23 Drivers\STM32L0xx_HAL_Driver\Src\stm32l0xx_hal_uart.o
 .debug_info    0x00009757      0x983 Drivers\STM32L0xx_HAL_Driver\Src\stm32l0xx_hal_uart_ex.o
 .debug_info    0x0000a0da      0x774 Src\Bluetooth.o
 .debug_info    0x0000a84e      0x9e6 Src\External_interupt.o
 .debug_info    0x0000b234      0x6a6 Src\Ultrasound.o
 .debug_info    0x0000b8da     0x1f68 Src\main.o
 .debug_info    0x0000d842      0xe94 Src\motorcontrol.o
 .debug_info    0x0000e6d6     0x1352 Src\stm32l0xx_hal_msp.o
 .debug_info    0x0000fa28      0xe10 Src\stm32l0xx_it.o
 .debug_info    0x00010838      0x39c Src\system_stm32l0xx.o
 .debug_info    0x00010bd4       0x7b startup\startup_stm32l073xx.o

.debug_abbrev   0x00000000     0x2649
 .debug_abbrev  0x00000000      0x234 Drivers\STM32L0xx_HAL_Driver\Src\stm32l0xx_hal.o
 .debug_abbrev  0x00000234      0x21e Drivers\STM32L0xx_HAL_Driver\Src\stm32l0xx_hal_adc.o
 .debug_abbrev  0x00000452      0x24a Drivers\STM32L0xx_HAL_Driver\Src\stm32l0xx_hal_cortex.o
 .debug_abbrev  0x0000069c      0x1f9 Drivers\STM32L0xx_HAL_Driver\Src\stm32l0xx_hal_dma.o
 .debug_abbrev  0x00000895      0x1cd Drivers\STM32L0xx_HAL_Driver\Src\stm32l0xx_hal_gpio.o
 .debug_abbrev  0x00000a62      0x280 Drivers\STM32L0xx_HAL_Driver\Src\stm32l0xx_hal_rcc.o
 .debug_abbrev  0x00000ce2      0x1fd Drivers\STM32L0xx_HAL_Driver\Src\stm32l0xx_hal_rcc_ex.o
 .debug_abbrev  0x00000edf      0x222 Drivers\STM32L0xx_HAL_Driver\Src\stm32l0xx_hal_tim.o
 .debug_abbrev  0x00001101      0x19a Drivers\STM32L0xx_HAL_Driver\Src\stm32l0xx_hal_tim_ex.o
 .debug_abbrev  0x0000129b      0x25a Drivers\STM32L0xx_HAL_Driver\Src\stm32l0xx_hal_uart.o
 .debug_abbrev  0x000014f5      0x233 Drivers\STM32L0xx_HAL_Driver\Src\stm32l0xx_hal_uart_ex.o
 .debug_abbrev  0x00001728      0x1af Src\Bluetooth.o
 .debug_abbrev  0x000018d7      0x1a6 Src\External_interupt.o
 .debug_abbrev  0x00001a7d      0x1be Src\Ultrasound.o
 .debug_abbrev  0x00001c3b      0x265 Src\main.o
 .debug_abbrev  0x00001ea0      0x27e Src\motorcontrol.o
 .debug_abbrev  0x0000211e      0x22f Src\stm32l0xx_hal_msp.o
 .debug_abbrev  0x0000234d      0x1d9 Src\stm32l0xx_it.o
 .debug_abbrev  0x00002526      0x111 Src\system_stm32l0xx.o
 .debug_abbrev  0x00002637       0x12 startup\startup_stm32l073xx.o

.debug_loc      0x00000000     0x8bb4
 .debug_loc     0x00000000      0x12c Drivers\STM32L0xx_HAL_Driver\Src\stm32l0xx_hal.o
 .debug_loc     0x0000012c      0xbc9 Drivers\STM32L0xx_HAL_Driver\Src\stm32l0xx_hal_adc.o
 .debug_loc     0x00000cf5      0x3b4 Drivers\STM32L0xx_HAL_Driver\Src\stm32l0xx_hal_cortex.o
 .debug_loc     0x000010a9      0x7a6 Drivers\STM32L0xx_HAL_Driver\Src\stm32l0xx_hal_dma.o
 .debug_loc     0x0000184f      0x2a5 Drivers\STM32L0xx_HAL_Driver\Src\stm32l0xx_hal_gpio.o
 .debug_loc     0x00001af4      0x56e Drivers\STM32L0xx_HAL_Driver\Src\stm32l0xx_hal_rcc.o
 .debug_loc     0x00002062      0xab0 Drivers\STM32L0xx_HAL_Driver\Src\stm32l0xx_hal_rcc_ex.o
 .debug_loc     0x00002b12     0x3940 Drivers\STM32L0xx_HAL_Driver\Src\stm32l0xx_hal_tim.o
 .debug_loc     0x00006452      0x111 Drivers\STM32L0xx_HAL_Driver\Src\stm32l0xx_hal_tim_ex.o
 .debug_loc     0x00006563     0x1acf Drivers\STM32L0xx_HAL_Driver\Src\stm32l0xx_hal_uart.o
 .debug_loc     0x00008032      0x34c Drivers\STM32L0xx_HAL_Driver\Src\stm32l0xx_hal_uart_ex.o
 .debug_loc     0x0000837e       0x59 Src\Bluetooth.o
 .debug_loc     0x000083d7       0x3a Src\External_interupt.o
 .debug_loc     0x00008411       0x2d Src\Ultrasound.o
 .debug_loc     0x0000843e      0x3ba Src\motorcontrol.o
 .debug_loc     0x000087f8      0x21a Src\stm32l0xx_hal_msp.o
 .debug_loc     0x00008a12      0x1a2 Src\system_stm32l0xx.o

.debug_aranges  0x00000000      0xd70
 .debug_aranges
                0x00000000       0xf8 Drivers\STM32L0xx_HAL_Driver\Src\stm32l0xx_hal.o
 .debug_aranges
                0x000000f8      0x100 Drivers\STM32L0xx_HAL_Driver\Src\stm32l0xx_hal_adc.o
 .debug_aranges
                0x000001f8       0x90 Drivers\STM32L0xx_HAL_Driver\Src\stm32l0xx_hal_cortex.o
 .debug_aranges
                0x00000288       0x80 Drivers\STM32L0xx_HAL_Driver\Src\stm32l0xx_hal_dma.o
 .debug_aranges
                0x00000308       0x58 Drivers\STM32L0xx_HAL_Driver\Src\stm32l0xx_hal_gpio.o
 .debug_aranges
                0x00000360       0x80 Drivers\STM32L0xx_HAL_Driver\Src\stm32l0xx_hal_rcc.o
 .debug_aranges
                0x000003e0       0xb0 Drivers\STM32L0xx_HAL_Driver\Src\stm32l0xx_hal_rcc_ex.o
 .debug_aranges
                0x00000490      0x3a8 Drivers\STM32L0xx_HAL_Driver\Src\stm32l0xx_hal_tim.o
 .debug_aranges
                0x00000838       0x28 Drivers\STM32L0xx_HAL_Driver\Src\stm32l0xx_hal_tim_ex.o
 .debug_aranges
                0x00000860      0x1f8 Drivers\STM32L0xx_HAL_Driver\Src\stm32l0xx_hal_uart.o
 .debug_aranges
                0x00000a58       0x60 Drivers\STM32L0xx_HAL_Driver\Src\stm32l0xx_hal_uart_ex.o
 .debug_aranges
                0x00000ab8       0x38 Src\Bluetooth.o
 .debug_aranges
                0x00000af0       0x20 Src\External_interupt.o
 .debug_aranges
                0x00000b10       0x38 Src\Ultrasound.o
 .debug_aranges
                0x00000b48       0x70 Src\main.o
 .debug_aranges
                0x00000bb8       0x90 Src\motorcontrol.o
 .debug_aranges
                0x00000c48       0x58 Src\stm32l0xx_hal_msp.o
 .debug_aranges
                0x00000ca0       0x80 Src\stm32l0xx_it.o
 .debug_aranges
                0x00000d20       0x28 Src\system_stm32l0xx.o
 .debug_aranges
                0x00000d48       0x28 startup\startup_stm32l073xx.o

.debug_ranges   0x00000000      0xcc8
 .debug_ranges  0x00000000       0xe8 Drivers\STM32L0xx_HAL_Driver\Src\stm32l0xx_hal.o
 .debug_ranges  0x000000e8       0xf0 Drivers\STM32L0xx_HAL_Driver\Src\stm32l0xx_hal_adc.o
 .debug_ranges  0x000001d8       0xc8 Drivers\STM32L0xx_HAL_Driver\Src\stm32l0xx_hal_cortex.o
 .debug_ranges  0x000002a0       0x70 Drivers\STM32L0xx_HAL_Driver\Src\stm32l0xx_hal_dma.o
 .debug_ranges  0x00000310       0x48 Drivers\STM32L0xx_HAL_Driver\Src\stm32l0xx_hal_gpio.o
 .debug_ranges  0x00000358       0xa0 Drivers\STM32L0xx_HAL_Driver\Src\stm32l0xx_hal_rcc.o
 .debug_ranges  0x000003f8       0xb8 Drivers\STM32L0xx_HAL_Driver\Src\stm32l0xx_hal_rcc_ex.o
 .debug_ranges  0x000004b0      0x398 Drivers\STM32L0xx_HAL_Driver\Src\stm32l0xx_hal_tim.o
 .debug_ranges  0x00000848       0x18 Drivers\STM32L0xx_HAL_Driver\Src\stm32l0xx_hal_tim_ex.o
 .debug_ranges  0x00000860      0x1e8 Drivers\STM32L0xx_HAL_Driver\Src\stm32l0xx_hal_uart.o
 .debug_ranges  0x00000a48       0x50 Drivers\STM32L0xx_HAL_Driver\Src\stm32l0xx_hal_uart_ex.o
 .debug_ranges  0x00000a98       0x28 Src\Bluetooth.o
 .debug_ranges  0x00000ac0       0x10 Src\External_interupt.o
 .debug_ranges  0x00000ad0       0x28 Src\Ultrasound.o
 .debug_ranges  0x00000af8       0x60 Src\main.o
 .debug_ranges  0x00000b58       0x80 Src\motorcontrol.o
 .debug_ranges  0x00000bd8       0x48 Src\stm32l0xx_hal_msp.o
 .debug_ranges  0x00000c20       0x70 Src\stm32l0xx_it.o
 .debug_ranges  0x00000c90       0x18 Src\system_stm32l0xx.o
 .debug_ranges  0x00000ca8       0x20 startup\startup_stm32l073xx.o

.debug_macro    0x00000000    0x14e70
 .debug_macro   0x00000000      0x1f0 Drivers\STM32L0xx_HAL_Driver\Src\stm32l0xx_hal.o
 .debug_macro   0x000001f0      0x8a4 Drivers\STM32L0xx_HAL_Driver\Src\stm32l0xx_hal.o
 .debug_macro   0x00000a94       0xa9 Drivers\STM32L0xx_HAL_Driver\Src\stm32l0xx_hal.o
 .debug_macro   0x00000b3d       0x2e Drivers\STM32L0xx_HAL_Driver\Src\stm32l0xx_hal.o
 .debug_macro   0x00000b6b       0x28 Drivers\STM32L0xx_HAL_Driver\Src\stm32l0xx_hal.o
 .debug_macro   0x00000b93       0x22 Drivers\STM32L0xx_HAL_Driver\Src\stm32l0xx_hal.o
 .debug_macro   0x00000bb5       0x87 Drivers\STM32L0xx_HAL_Driver\Src\stm32l0xx_hal.o
 .debug_macro   0x00000c3c       0x51 Drivers\STM32L0xx_HAL_Driver\Src\stm32l0xx_hal.o
 .debug_macro   0x00000c8d       0xef Drivers\STM32L0xx_HAL_Driver\Src\stm32l0xx_hal.o
 .debug_macro   0x00000d7c       0x6a Drivers\STM32L0xx_HAL_Driver\Src\stm32l0xx_hal.o
 .debug_macro   0x00000de6      0x1df Drivers\STM32L0xx_HAL_Driver\Src\stm32l0xx_hal.o
 .debug_macro   0x00000fc5       0x34 Drivers\STM32L0xx_HAL_Driver\Src\stm32l0xx_hal.o
 .debug_macro   0x00000ff9       0x26 Drivers\STM32L0xx_HAL_Driver\Src\stm32l0xx_hal.o
 .debug_macro   0x0000101f      0x44f Drivers\STM32L0xx_HAL_Driver\Src\stm32l0xx_hal.o
 .debug_macro   0x0000146e     0xa43e Drivers\STM32L0xx_HAL_Driver\Src\stm32l0xx_hal.o
 .debug_macro   0x0000b8ac       0x3c Drivers\STM32L0xx_HAL_Driver\Src\stm32l0xx_hal.o
 .debug_macro   0x0000b8e8     0x34ca Drivers\STM32L0xx_HAL_Driver\Src\stm32l0xx_hal.o
 .debug_macro   0x0000edb2      0x174 Drivers\STM32L0xx_HAL_Driver\Src\stm32l0xx_hal.o
 .debug_macro   0x0000ef26       0x4f Drivers\STM32L0xx_HAL_Driver\Src\stm32l0xx_hal.o
 .debug_macro   0x0000ef75      0x8e4 Drivers\STM32L0xx_HAL_Driver\Src\stm32l0xx_hal.o
 .debug_macro   0x0000f859      0xbb4 Drivers\STM32L0xx_HAL_Driver\Src\stm32l0xx_hal.o
 .debug_macro   0x0001040d      0x13f Drivers\STM32L0xx_HAL_Driver\Src\stm32l0xx_hal.o
 .debug_macro   0x0001054c      0x1d1 Drivers\STM32L0xx_HAL_Driver\Src\stm32l0xx_hal.o
 .debug_macro   0x0001071d      0x28e Drivers\STM32L0xx_HAL_Driver\Src\stm32l0xx_hal.o
 .debug_macro   0x000109ab      0x1e9 Drivers\STM32L0xx_HAL_Driver\Src\stm32l0xx_hal.o
 .debug_macro   0x00010b94      0x4ef Drivers\STM32L0xx_HAL_Driver\Src\stm32l0xx_hal.o
 .debug_macro   0x00011083       0x6b Drivers\STM32L0xx_HAL_Driver\Src\stm32l0xx_hal.o
 .debug_macro   0x000110ee      0x13e Drivers\STM32L0xx_HAL_Driver\Src\stm32l0xx_hal.o
 .debug_macro   0x0001122c      0x4b5 Drivers\STM32L0xx_HAL_Driver\Src\stm32l0xx_hal.o
 .debug_macro   0x000116e1      0x22c Drivers\STM32L0xx_HAL_Driver\Src\stm32l0xx_hal.o
 .debug_macro   0x0001190d       0x5b Drivers\STM32L0xx_HAL_Driver\Src\stm32l0xx_hal.o
 .debug_macro   0x00011968       0xa5 Drivers\STM32L0xx_HAL_Driver\Src\stm32l0xx_hal.o
 .debug_macro   0x00011a0d      0x18d Drivers\STM32L0xx_HAL_Driver\Src\stm32l0xx_hal.o
 .debug_macro   0x00011b9a       0x16 Drivers\STM32L0xx_HAL_Driver\Src\stm32l0xx_hal.o
 .debug_macro   0x00011bb0      0x734 Drivers\STM32L0xx_HAL_Driver\Src\stm32l0xx_hal.o
 .debug_macro   0x000122e4       0xfc Drivers\STM32L0xx_HAL_Driver\Src\stm32l0xx_hal.o
 .debug_macro   0x000123e0      0x57b Drivers\STM32L0xx_HAL_Driver\Src\stm32l0xx_hal.o
 .debug_macro   0x0001295b       0x44 Drivers\STM32L0xx_HAL_Driver\Src\stm32l0xx_hal.o
 .debug_macro   0x0001299f      0x199 Drivers\STM32L0xx_HAL_Driver\Src\stm32l0xx_hal.o
 .debug_macro   0x00012b38      0x1db Drivers\STM32L0xx_HAL_Driver\Src\stm32l0xx_hal_adc.o
 .debug_macro   0x00012d13      0x1cc Drivers\STM32L0xx_HAL_Driver\Src\stm32l0xx_hal_cortex.o
 .debug_macro   0x00012edf      0x1cc Drivers\STM32L0xx_HAL_Driver\Src\stm32l0xx_hal_dma.o
 .debug_macro   0x000130ab      0x204 Drivers\STM32L0xx_HAL_Driver\Src\stm32l0xx_hal_gpio.o
 .debug_macro   0x000132af      0x202 Drivers\STM32L0xx_HAL_Driver\Src\stm32l0xx_hal_rcc.o
 .debug_macro   0x000134b1      0x1cc Drivers\STM32L0xx_HAL_Driver\Src\stm32l0xx_hal_rcc_ex.o
 .debug_macro   0x0001367d      0x1cd Drivers\STM32L0xx_HAL_Driver\Src\stm32l0xx_hal_tim.o
 .debug_macro   0x0001384a      0x1cc Drivers\STM32L0xx_HAL_Driver\Src\stm32l0xx_hal_tim_ex.o
 .debug_macro   0x00013a16      0x1f7 Drivers\STM32L0xx_HAL_Driver\Src\stm32l0xx_hal_uart.o
 .debug_macro   0x00013c0d      0x1cc Drivers\STM32L0xx_HAL_Driver\Src\stm32l0xx_hal_uart_ex.o
 .debug_macro   0x00013dd9      0x1e9 Src\Bluetooth.o
 .debug_macro   0x00013fc2      0x14a Src\Bluetooth.o
 .debug_macro   0x0001410c      0x1f3 Src\External_interupt.o
 .debug_macro   0x000142ff      0x1e5 Src\Ultrasound.o
 .debug_macro   0x000144e4      0x207 Src\main.o
 .debug_macro   0x000146eb      0x1f3 Src\motorcontrol.o
 .debug_macro   0x000148de      0x1db Src\stm32l0xx_hal_msp.o
 .debug_macro   0x00014ab9      0x1e5 Src\stm32l0xx_it.o
 .debug_macro   0x00014c9e      0x1d2 Src\system_stm32l0xx.o

.debug_line     0x00000000     0xa262
 .debug_line    0x00000000      0x7b6 Drivers\STM32L0xx_HAL_Driver\Src\stm32l0xx_hal.o
 .debug_line    0x000007b6      0xab4 Drivers\STM32L0xx_HAL_Driver\Src\stm32l0xx_hal_adc.o
 .debug_line    0x0000126a      0x77b Drivers\STM32L0xx_HAL_Driver\Src\stm32l0xx_hal_cortex.o
 .debug_line    0x000019e5      0x7e8 Drivers\STM32L0xx_HAL_Driver\Src\stm32l0xx_hal_dma.o
 .debug_line    0x000021cd      0x70d Drivers\STM32L0xx_HAL_Driver\Src\stm32l0xx_hal_gpio.o
 .debug_line    0x000028da      0x89f Drivers\STM32L0xx_HAL_Driver\Src\stm32l0xx_hal_rcc.o
 .debug_line    0x00003179      0x8ec Drivers\STM32L0xx_HAL_Driver\Src\stm32l0xx_hal_rcc_ex.o
 .debug_line    0x00003a65     0x157b Drivers\STM32L0xx_HAL_Driver\Src\stm32l0xx_hal_tim.o
 .debug_line    0x00004fe0      0x628 Drivers\STM32L0xx_HAL_Driver\Src\stm32l0xx_hal_tim_ex.o
 .debug_line    0x00005608     0x1148 Drivers\STM32L0xx_HAL_Driver\Src\stm32l0xx_hal_uart.o
 .debug_line    0x00006750      0x700 Drivers\STM32L0xx_HAL_Driver\Src\stm32l0xx_hal_uart_ex.o
 .debug_line    0x00006e50      0x5e3 Src\Bluetooth.o
 .debug_line    0x00007433      0x5d9 Src\External_interupt.o
 .debug_line    0x00007a0c      0x5f2 Src\Ultrasound.o
 .debug_line    0x00007ffe      0x742 Src\main.o
 .debug_line    0x00008740      0x76b Src\motorcontrol.o
 .debug_line    0x00008eab      0x6d2 Src\stm32l0xx_hal_msp.o
 .debug_line    0x0000957d      0x690 Src\stm32l0xx_it.o
 .debug_line    0x00009c0d      0x5d2 Src\system_stm32l0xx.o
 .debug_line    0x0000a1df       0x83 startup\startup_stm32l073xx.o

.debug_str      0x00000000    0x8257e
 .debug_str     0x00000000    0x7e65e Drivers\STM32L0xx_HAL_Driver\Src\stm32l0xx_hal.o
                              0x7ea8e (size before relaxing)
 .debug_str     0x0007e65e      0x724 Drivers\STM32L0xx_HAL_Driver\Src\stm32l0xx_hal_adc.o
                              0x7eb12 (size before relaxing)
 .debug_str     0x0007ed82      0x2a4 Drivers\STM32L0xx_HAL_Driver\Src\stm32l0xx_hal_cortex.o
                              0x7e899 (size before relaxing)
 .debug_str     0x0007f026      0x248 Drivers\STM32L0xx_HAL_Driver\Src\stm32l0xx_hal_dma.o
                              0x7e7a4 (size before relaxing)
 .debug_str     0x0007f26e      0x2c1 Drivers\STM32L0xx_HAL_Driver\Src\stm32l0xx_hal_gpio.o
                              0x7e6db (size before relaxing)
 .debug_str     0x0007f52f      0x42a Drivers\STM32L0xx_HAL_Driver\Src\stm32l0xx_hal_rcc.o
                              0x7e92f (size before relaxing)
 .debug_str     0x0007f959      0x44c Drivers\STM32L0xx_HAL_Driver\Src\stm32l0xx_hal_rcc_ex.o
                              0x7e915 (size before relaxing)
 .debug_str     0x0007fda5      0xf18 Drivers\STM32L0xx_HAL_Driver\Src\stm32l0xx_hal_tim.o
                              0x7f550 (size before relaxing)
 .debug_str     0x00080cbd       0xc7 Drivers\STM32L0xx_HAL_Driver\Src\stm32l0xx_hal_tim_ex.o
                              0x7e7b9 (size before relaxing)
 .debug_str     0x00080d84      0x9d0 Drivers\STM32L0xx_HAL_Driver\Src\stm32l0xx_hal_uart.o
                              0x7f099 (size before relaxing)
 .debug_str     0x00081754      0x185 Drivers\STM32L0xx_HAL_Driver\Src\stm32l0xx_hal_uart_ex.o
                              0x7e938 (size before relaxing)
 .debug_str     0x000818d9      0x6ca Src\Bluetooth.o
                              0x7edcd (size before relaxing)
 .debug_str     0x00081fa3      0x146 Src\External_interupt.o
                              0x7eec1 (size before relaxing)
 .debug_str     0x000820e9       0x4e Src\Ultrasound.o
                              0x7edaa (size before relaxing)
 .debug_str     0x00082137      0x1a7 Src\main.o
                              0x7fb8f (size before relaxing)
 .debug_str     0x000822de      0x12b Src\motorcontrol.o
                              0x7f003 (size before relaxing)
 .debug_str     0x00082409       0x25 Src\stm32l0xx_hal_msp.o
                              0x7f53b (size before relaxing)
 .debug_str     0x0008242e       0xec Src\stm32l0xx_it.o
                              0x7f2cd (size before relaxing)
 .debug_str     0x0008251a       0x64 Src\system_stm32l0xx.o
                              0x7e426 (size before relaxing)

.comment        0x00000000       0x7c
 .comment       0x00000000       0x7c Drivers\STM32L0xx_HAL_Driver\Src\stm32l0xx_hal.o
                                 0x7d (size before relaxing)
 .comment       0x0000007c       0x7d Drivers\STM32L0xx_HAL_Driver\Src\stm32l0xx_hal_adc.o
 .comment       0x0000007c       0x7d Drivers\STM32L0xx_HAL_Driver\Src\stm32l0xx_hal_cortex.o
 .comment       0x0000007c       0x7d Drivers\STM32L0xx_HAL_Driver\Src\stm32l0xx_hal_dma.o
 .comment       0x0000007c       0x7d Drivers\STM32L0xx_HAL_Driver\Src\stm32l0xx_hal_gpio.o
 .comment       0x0000007c       0x7d Drivers\STM32L0xx_HAL_Driver\Src\stm32l0xx_hal_rcc.o
 .comment       0x0000007c       0x7d Drivers\STM32L0xx_HAL_Driver\Src\stm32l0xx_hal_rcc_ex.o
 .comment       0x0000007c       0x7d Drivers\STM32L0xx_HAL_Driver\Src\stm32l0xx_hal_tim.o
 .comment       0x0000007c       0x7d Drivers\STM32L0xx_HAL_Driver\Src\stm32l0xx_hal_tim_ex.o
 .comment       0x0000007c       0x7d Drivers\STM32L0xx_HAL_Driver\Src\stm32l0xx_hal_uart.o
 .comment       0x0000007c       0x7d Drivers\STM32L0xx_HAL_Driver\Src\stm32l0xx_hal_uart_ex.o
 .comment       0x0000007c       0x7d Src\Bluetooth.o
 .comment       0x0000007c       0x7d Src\External_interupt.o
 .comment       0x0000007c       0x7d Src\Ultrasound.o
 .comment       0x0000007c       0x7d Src\main.o
 .comment       0x0000007c       0x7d Src\motorcontrol.o
 .comment       0x0000007c       0x7d Src\stm32l0xx_hal_msp.o
 .comment       0x0000007c       0x7d Src\stm32l0xx_it.o
 .comment       0x0000007c       0x7d Src\system_stm32l0xx.o

.debug_frame    0x00000000     0x21ac
 .debug_frame   0x00000000      0x1f4 Drivers\STM32L0xx_HAL_Driver\Src\stm32l0xx_hal.o
 .debug_frame   0x000001f4      0x2bc Drivers\STM32L0xx_HAL_Driver\Src\stm32l0xx_hal_adc.o
 .debug_frame   0x000004b0      0x114 Drivers\STM32L0xx_HAL_Driver\Src\stm32l0xx_hal_cortex.o
 .debug_frame   0x000005c4      0x150 Drivers\STM32L0xx_HAL_Driver\Src\stm32l0xx_hal_dma.o
 .debug_frame   0x00000714       0xc8 Drivers\STM32L0xx_HAL_Driver\Src\stm32l0xx_hal_gpio.o
 .debug_frame   0x000007dc      0x144 Drivers\STM32L0xx_HAL_Driver\Src\stm32l0xx_hal_rcc.o
 .debug_frame   0x00000920      0x178 Drivers\STM32L0xx_HAL_Driver\Src\stm32l0xx_hal_rcc_ex.o
 .debug_frame   0x00000a98      0xa28 Drivers\STM32L0xx_HAL_Driver\Src\stm32l0xx_hal_tim.o
 .debug_frame   0x000014c0       0x44 Drivers\STM32L0xx_HAL_Driver\Src\stm32l0xx_hal_tim_ex.o
 .debug_frame   0x00001504      0x568 Drivers\STM32L0xx_HAL_Driver\Src\stm32l0xx_hal_uart.o
 .debug_frame   0x00001a6c       0xec Drivers\STM32L0xx_HAL_Driver\Src\stm32l0xx_hal_uart_ex.o
 .debug_frame   0x00001b58       0x64 Src\Bluetooth.o
 .debug_frame   0x00001bbc       0x28 Src\External_interupt.o
 .debug_frame   0x00001be4       0x58 Src\Ultrasound.o
 .debug_frame   0x00001c3c      0x13c Src\main.o
 .debug_frame   0x00001d78      0x158 Src\motorcontrol.o
 .debug_frame   0x00001ed0       0xd4 Src\stm32l0xx_hal_msp.o
 .debug_frame   0x00001fa4      0x128 Src\stm32l0xx_it.o
 .debug_frame   0x000020cc       0x38 Src\system_stm32l0xx.o
 .debug_frame   0x00002104       0x2c c:/program files (x86)/atollic/truestudio for stm32 9.0.1/armtools/bin/../lib/gcc/arm-atollic-eabi/6.3.1/../../../../arm-atollic-eabi/lib/armv6-m\libc_nano.a(lib_a-init.o)
 .debug_frame   0x00002130       0x20 c:/program files (x86)/atollic/truestudio for stm32 9.0.1/armtools/bin/../lib/gcc/arm-atollic-eabi/6.3.1/../../../../arm-atollic-eabi/lib/armv6-m\libc_nano.a(lib_a-memset.o)
 .debug_frame   0x00002150       0x20 c:/program files (x86)/atollic/truestudio for stm32 9.0.1/armtools/bin/../lib/gcc/arm-atollic-eabi/6.3.1/armv6-m\libgcc.a(_udivsi3.o)
 .debug_frame   0x00002170       0x3c c:/program files (x86)/atollic/truestudio for stm32 9.0.1/armtools/bin/../lib/gcc/arm-atollic-eabi/6.3.1/armv6-m\libgcc.a(_udivmoddi4.o)
