stm32l0xx_it.c:92:6:NMI_Handler	0	static
stm32l0xx_it.c:105:6:HardFault_Handler	0	static
stm32l0xx_it.c:120:6:SVC_Handler	0	static
stm32l0xx_it.c:133:6:PendSV_Handler	0	static
stm32l0xx_it.c:146:6:SysTick_Handler	8	static
stm32l0xx_it.c:167:6:EXTI4_15_IRQHandler	8	static
stm32l0xx_it.c:189:6:DMA1_Channel1_IRQHandler	8	static
stm32l0xx_it.c:203:6:DMA1_Channel2_3_IRQHandler	8	static
stm32l0xx_it.c:218:6:ADC1_COMP_IRQHandler	8	static
stm32l0xx_it.c:232:6:TIM3_IRQHandler	8	static
stm32l0xx_it.c:246:6:TIM6_DAC_IRQHandler	8	static
stm32l0xx_it.c:260:6:TIM22_IRQHandler	8	static
stm32l0xx_it.c:274:6:USART1_IRQHandler	8	static
